AAP Alexandra Palace
AAT Achanalt
ABA Aberdare
ABC Altnabreac
ABD Aberdeen
ABE Aber
ABH Abererch
ABO Aboyne (Main Street)
ABR Abercynon North
ABW Filton Abbey Wood
ABY Ashburys
ACB Acton Bridge
ACC Acton Central
ACG Acocks Green
ACH Achnashellach
ACK Acklington
ACL Acle
ACN Achnasheen
ACR Accrington
ACT Ascot (Berks)
ACY Abercynon South
ADC Adlington (Cheshire)
ADD Adderley Park
ADK Ardwick
ADL Adlington Lancs
ADM Adisham (Kent)
ADN Ardrossan Town
ADR Airdrie
ADS Ardrossan Harbour
ADV Andover
ADW Addiewell
AER Aberaeron (Alban Gardens)
AFK Ashford (Kent)
AFS Ashford (Middlesex)
AFV Ansdell & Fairhaven
AGL Abergele & Pensarn (Clwyd)
AGR Angel Road
AGS Argyle Street
AGT Aldrington
AGV Abergavenny / Y-Fenni
AHD Ashtead
AHN Ashton under Lyne
AHS Ashurst
AHT Aldershot
AHV Ash Vale
AIG Aigburth
AIN Aintree
AIR Airbles
ALB Albrighton
ALD Alderley Edge
ALE Allerton
ALF Alfreton & Mansfield Parkway
ALK Aslockton
ALM Alnmouth
ALN Althorne
ALP Althorpe
ALR Alresford Essex
ALS Alston (Townhead)
ALT Altrincham
ALV Alvechurch
ALW Allens West
ALX Alexandria
AMB Ambergate
AMF Ammanford
AML Acton Main Line
AMR Amersham LT
AMT Aldermaston
AMY Amberley
ANC Ancaster
AND Anderston
ANF Ashurst Nnew Forest / Lyndhurst Road
ANG Angmering
ANL Anniesland
ANN Annan
ANS Ainsdale
ANY Anerley
AON Alton
APB Appley Bridge
APD Appledore
APF Appleford
APG Aspley Guise
APP Appleby
APS Apsley
ARB Arbroath
ARD Ardgay
ARG Arisaig
ARL Arlesey
ARN Arnside
ARR Arram
ART Arrochar & Tarbet (Strathclyde)
ARU Arundel
ASB Ardrossan South Beach
ASC Ashchurch
ASF Ashfield
ASG Alsager
ASH Ash
ASI Ashford International
ASK Askam
ASN Addlestone
ASP Aspatria
ASS Alness
AST Aston
ASY Ashley
ATB Attenborough
ATH Atherstone Warks
ATL Attleborough
ATN Atherton Manchr
ATT Attadale
ATW Alton Towers
AUD Audley End
AUG Aughton Park
AUI Ardlui
AUK Auchinleck
AUR Aberdour
AUW Ascott-under-Wychwood
AVF Avoncliff
AVM Aviemore
AVN Avonmouth
AVY Aberdovey
AWK Adwick
AWM Ashwell & Morden
AWT Armathwaite
AXM Axminster
AXP Alexandra Parade
AYH Aylesham
AYL Aylesford
AYP Albany Park
AYR Ayr
AYS Aylesbury
AYW Aberystwyth
BAA Barnham
BAB Balcombe
BAC Bache
BAD Banstead
BAE Braemar (Auchendryne Sq)
BAG Bagshot
BAH Bank Hall
BAI Blairhill
BAJ Baglan
BAK Battersea Park
BAL Balham
BAM Bamford
BAN Banbury
BAR Bare Lane
BAS Bere Alston
BAT Battle
BAU Barton on Humber
BAV Barrow Haven
BAW Blackwater
BAY Bayford
BAZ Bala (by bus)
BBG Bishopbriggs
BBK Bilbrook
BBL Bat & Ball
BBN Blackburn
BBS Bordesley
BBW Berry Brow
BCB Burscough Bridge
BCC Beccles
BCE Bracknell
BCF Beaconsfield
BCG Birchgrove
BCH Birchington on Sea
BCJ Burscough Junction
BCK Buckley
BCN Branchton
BCS Bicester North
BCU Brockenhurst
BCV Bruce Grove
BCW Blaencwm (by bus)
BCY Brockley
BDA Brundall
BDB Broadbottom
BDF Bodmin (TSB Bank)
BDG Bridgeton
BDH Bedhampton
BDI Bradford Interchange
BDK Baldock
BDL Birkdale
BDM Bedford
BDN Brading
BDQ Bradford Forster Sq
BDT Bridlington
BDW Bedwyn
BDY Bredbury
BEA Bridge of Allan
BEB Bebington
BEC Beckenham Hill
BEE Beeston
BEF Benfleet
BEG Beltring
BEH Bedworth
BEM Bempton
BEN Bentham
BEO Brecon (Square) / Aberhonddu
BER Bearley
BES Bescar Lane
BET Bethnal Green
BEU Beaulieu Road
BEV Beverley
BEX Bexhill
BEY Ben Rhydding
BFA Belfast Ballast Quay
BFD Brentford
BFE Bere Ferrers
BFF Blaenau Ffestiniog
BFN Byfleet & New Haw
BFQ Belfast Donegall Quay
BFR London Blackfriars
BGA Brundall Gardens
BGD Bargoed
BGE Broad Green
BGG Brigg
BGI Bargeddie
BGL Bugle
BGM Bellingham
BGN Bridgend / Pen-y-Bont ar Ogwr
BGR Boat of Garten (Post Office)
BGS Bogston
BHC Balloch Central
BHD Brithdir
BHG Bathgate
BHI Birmingham International (Airport)
BHK Bush Hill Park
BHM Birmingham New Street
BHO Blackhorse Road
BHR Builth Road
BHS Brockholes
BIA Bishop Auckland
BIC Billericay
BID Bidston
BIF Barrow in Furness
BIG Billingshurst
BIK Birkbeck
BIL Billingham on Tees
BIN Bingham
BIO Baillieston
BIP Bishopstone
BIS Bishops Stortford
BIT Bicester Town
BIW Biggleswade
BIY Bingley
BKA Bookham
BKC Birkenhead Central
BKD Blakedown
BKG Barking
BKH Blackheath
BKJ Beckenham Junction
BKL Bickley
BKM Berkhamsted
BKN Birkenhead North
BKO Brookwood
BKP Birkenhead Park
BKQ Birkenhead Hamilton Square
BKS Bekesbourne
BKT Blake Street
BKW Berkswell
BLA Blair Atholl
BLB Battlesbridge
BLD Baildon
BLE Bramley (West Yorks)
BLG Bellgrove
BLH Bellshill
BLK Blackrod
BLL Bardon Mill
BLM Belmont
BLN Blundellsands and Crosby
BLO Blaydon
BLP Belper
BLR Ballater (Bus Depot)
BLS Bentley (Yorks)
BLT Blantyre
BLV Belle Vue
BLW Bulwell
BLX Bloxwich
BLY Bletchley
BLZ Blaenrhondda (by bus)
BMB Bamber Bridge
BMC Bromley Cross
BMD Brimsdown
BME Broome
BMF Broomfleet
BMG Barming
BMH Bournemouth
BML Bramhall
BMN Bromley North
BMO Birmingham Moor St
BMP Brampton (Cumbria)
BMR Bromborough Rake
BMS Bromley South
BMT Bedminster
BMV Bromsgrove
BMY Bramley (Hants)
BNA Burnage
BNC Burnley Central
BND Brandon
BNE Bourne End
BNF Briton Ferry
BNG Bangor (Gwynedd)
BNH Barnehurst
BNI Barnes Bridge
BNL Barnhill
BNM Burnham (Bucks)
BNP Barnstaple
BNR Boldon Colliery / Brockley Whins
BNS Barnes
BNT Brinnington
BNV Banavie
BNW Bootle New Strand
BNY Barnsley
BOA Bradford on Avon
BOC Bootle (Cumbria)
BOD Bodmin Parkway
BOE Botley
BOG Bognor Regis
BOH Bosham
BOM Bromborough
BON Bolton
BOP Bowes Park
BOR Bodorgan
BOT Bootle Oriel Road
BPB Blackpool Pleasure Beach
BPC Pwllheli Holiday Camp / Penychain Butlins
BPK Brookmans Park
BPN Blackpool North
BPO Bridport
BPS Blackpool South
BPT Bishopton
BPW Bristol Parkway
BRA Brora
BRC Breich
BRE Brentwood
BRF Brierfield
BRG Borough Green & Wrotham
BRH Borth
BRI Bristol Temple Meads
BRK Berwick (Sussex)
BRL Barrhill
BRM Barmouth / Abermo
BRN Bearsden
BRO Bridge of Orchy
BRP Brampton (Suffolk)
BRR Barrhead
BRS Berrylands
BRT Barlaston
BRU Bruton
BRV Bournville
BRX Brixton
BRY Barry
BSB Bleasby
BSC Bescot Stadium
BSD Bearsted
BSE Bury St Edmunds
BSH Bushey
BSI Balmossie
BSJ Bedford St Johns
BSK Basingstoke
BSL Beasdale
BSM Branksome
BSN Boston
BSO Basildon
BSP Brondesbury Park
BSR Broadstairs
BSS Barassie
BSW Birmingham Snow Hill
BSY Brondesbury
BTB Barnetby
BTD Bolton on Dearne
BTE Bitterne
BTF Bottesford
BTG Barnt Green
BTH Bath Spa
BTL Batley
BTN Brighton
BTO Betchworth
BTR Braintree
BTS Burntisland
BTT Battersby
BTY Bentley (Hants)
BUA Bude Strand
BUB Burnley Barracks
BUC Buckenham
BUD Burneside (Cumbria)
BUE Bures
BUG Burgess Hill
BUH Brough
BUI Burnside (Strathclyde)
BUJ Burton Joyce
BUK Bucknell
BUL Butlers Lane
BUO Bursledon
BUS Busby
BUT Burton on Trent
BUU Burnham on Crouch
BUW Burley in Wharfedale
BUX Buxton
BUY Burley Park
BVD Belvedere
BWB Bow Brickhill
BWD Birchwood
BWG Bowling
BWK Berwick upon Tweed
BWN Bloxwich North
BWO Bricket Wood
BWS Barrow-on-Soar
BWT Bridgwater
BWY Broadway (Worcs)
BXB Broxbourne & Hoddesdon
BXD Buxted
BXH Bexleyheath
BXS Brussels / Bruxelles Midi
BXW Boxhill & Westhumble
BXY Bexley
BYA Berney Arms
BYB Blythe Bridge
BYC Betws-y-Coed
BYD Barry Docks
BYE Bynea
BYF Broughty Ferry
BYI Barry Island
BYL Barry Links
BYM Burnley Manchester Road
BYN Bryn
BYS Braystones Cumbr
CAD Cadoxton
CAG Carrbridge
CAI Cardigan (Finchs Square) / Aberteifi
CAK Cark & Cartmel
CAM Camberley
CAN Carnoustie
CAO Cannock
CAR Carlisle
CAS Castleton Manchr
CAT Caterham
CAU Causeland
CAY Carntyne
CBB Carbis Bay
CBC Coatbridge Central
CBE Canterbury East
CBG Cambridge
CBH Cambridge Heath (London)
CBL Cambuslang
CBN Camborne
CBP Castle Bar Park
CBR Cooksbridge
CBS Coatbridge Sunnyside
CBW Canterbury West
CBY Charlbury
CCC Criccieth
CCH Chichester
CCR Cirencester
CCT Cathcart
CDB Cardiff Bay
CDD Cardenden
CDF Cardiff Central / Caerdydd
CDI Crediton
CDO Cardonald
CDQ Cardiff Queen St
CDR Cardross
CDS Coulsdon South
CDT Caldicot
CDU Cam & Dursley
CDY Cartsdyke
CEA Cleland
CED Cheddington
CEF Chapel-en-le-Frith
CEL Chelford Ches
CES Cressing
CET Colchester Town / St Botolphs
CEY Cononley
CFB Catford Bridge
CFD Castleford
CFF Croftfoot
CFH Chafford Hundred
CFL Crossflatts
CFN Clifton Down
CFO Chalfont & Latimer LT
CFT Crofton Park
CGD Craigendoran
CGM Cottingham
CGN Cogan
CGW Caergwrle
CHA Chard (Guildhall)
CHC Charing Cross Glasgow
CHD Chesterfield
CHE Cheam
CHF Church Fenton
CHG Charing (Kent)
CHH Christs Hospital
CHI Chingford
CHK Chiswick
CHL Chilworth
CHM Chelmsford
CHN Cheshunt
CHO Cholsey
CHP Chipstead
CHR Christchurch
CHT Chathill
CHU Cheadle Hulme
CHW Chalkwell
CHX London Charing Cross
CHY Chertsey
CIL Chilham
CIM Cilmeri
CIR Barnsbury Caledonian Road
CIT Chislehurst
CKH Corkerhill
CKL Corkickle
CKN Crewkerne
CKS Clarkston
CKT Crookston
CLA Clandon
CLC Castle Cary
CLD Chelsfield
CLE Cleethorpes
CLG Claygate
CLH Clitheroe
CLI Clifton Manchr
CLJ Clapham Junction
CLK Clock House
CLL Collington
CLM Collingham
CLN Chapeltown
CLP Clapham (London)
CLR Clarbeston Road
CLS Chester-le-Street
CLT Clacton
CLU Carluke
CLV Claverdon
CLW Chorleywood
CLY Chinley
CMD Camden Road
CME Combe (Oxon)
CMF Cromford
CMH Cwmbach
CML Carmyle
CMN Carmarthen / Caerfyrddin
CMO Camelon
CMR Cromer
CMT Charmouth (Coach & Horses)
CMY Crossmyloof
CNE Colne
CNF Carnforth
CNG Congleton
CNL Canley
CNM Cheltenham Spa
CNN Canonbury
CNO Chetnole
CNR Crianlarich
CNS Conisbrough
CNT Canning Town
CNW Conwy
CNY Cantley
COA Coatdyke
COB Cooden Beach
COE Coombe (Cornwall)
COF Cork Ringaskiddy Ferryport
COH Crowborough
COI Crosshill
COL Colchester
COM Commondale
CON Connel Ferry
COO Cookham
COP Copplestone
COS Cosford
COT Cottingley
COV Coventry
COW Cowdenbeath
COY Coryton
CPA Corpach
CPH Caerphilly
CPK Carpenders Park
CPM Chippenham
CPN Chapleton
CPT Clapton
CPU Capenhurst
CPW Chepstow
CPY Clapham (North Yorkshire)
CRA Cradley Heath
CRB Corbridge
CRD Chester Road
CRE Crewe
CRF Carfin
CRG Cross Gates
CRH Crouch Hill
CRI Cricklewood
CRK Chirk
CRL Chorley
CRM Cramlington
CRN Crowthorne
CRO Croy
CRR Corrour
CRS Carstairs
CRT Chartham
CRV Craven Arms
CRW Crawley
CRX Croxley Green
CRY Crayford
CSA Cosham
CSB Carshalton Beeches
CSD Cobham & Stoke d'Abernon
CSG Cressington
CSH Carshalton
CSK Calstock
CSL Codsall
CSM Castleton Moor
CSN Chessington North
CSO Croston
CSQ Caerau (Square)
CSR Chassen Road
CSS Chessington South
CST London Cannon Street
CSW Chestfield & Swalecliffe
CSY Coseley
CTF Catford
CTH Chadwell Heath
CTK City / St. Pauls (Thameslink)
CTL Cattal
CTM Chatham
CTN Charlton
CTO Carlton
CTR Chester
CTT Church Stretton
CTW Church & Oswaldtwistle
CUA Culrain
CUB Cumbernauld
CUD Cuddington
CUF Cuffley
CUH Curriehill
CUM Culham
CUP Cupar
CUS Custom House
CUW Clunderwen
CUX Cuxton
CWB Colwyn Bay
CWC Chappel & Wakes Colne
CWE Crowle
CWH Crews Hill
CWL Colwall
CWM Cwmbran
CWN Cowden
CWS Caersws
CWU Crowhurst
CYB Cefn-y-Bedd
CYK Clydebank
CYN Cynghordy
CYP Crystal Palace
CYS Cathays
CYT Cherry Tree
DAK Dalmarnock
DAL Dalmally
DAM Dalmeny
DAN Darnall
DAR Darlington
DAT Datchet
DAU Dolgellau (Eldon Square)
DBC Dumbarton Central
DBD Denby Dale
DBE Dumbarton East
DBG Mottisfont Dunbridge
DBL Dunblane
DBR Derby Rd Ipswich
DBY Derby
DCG Duncraig Halt
DCH Dorchester South
DCT Danescourt
DCW Dorchester West
DDG Dorridge / Knowle
DDK Dagenham Dock
DDP Dudley Port
DEA Deal
DEB Dereham Market Place
DEE Dundee
DEN Dean (Wiltshire)
DEP Deptford
DEW Dewsbury
DFD Dartford
DFI Duffield
DFL Dunfermline
DFP Dublin Ferryport
DGC Denham Golf Club
DGL Dingle Road
DGS Douglas (Isle of Man)
DGT Manchester Deansgate (G-Mex)
DGY Deganwy
DHM Durham
DHN Deighton
DID Didcot Parkway
DIG Digby & Sowton
DIN Dingwall
DIS Diss
DKD Birnam & Dunkeld
DKG Dorking
DKR Derker & Royton
DKT Dorking West
DLG Dolgarrog
DLH Doleham
DLK Dalston Kingsland
DLM Delamere
DLO Dun Laoghaire
DLR Dalreoch
DLS Dalston Cumbria
DLT Dalton Cumbria
DLW Dalwhinnie
DLY Dalry
DMC Drumchapel
DMF Dumfries
DMG Dinas (Mid Glamorgan)
DMH Dilton Marsh
DMK Denmark Hill
DMP Dumpton Park
DMR Dalmuir
DMS Dormans
DMY Drumry
DND Dinsdale
DNG Dunton Green
DNL Dunlop
DNM Denham
DNN Dean Lane
DNO Dunrobin Castle
DNS Dinas Powys
DNT Dent
DNY Danby
DOC Dockyard (Devon)
DOD Dodworth
DOL Dolau
DON Doncaster
DOR Dore
DOT Dunston
DOW Downham Market
DPD Dorking Deepdene
DPT Devonport
DRF Driffield
DRG Drayton Green
DRI Drigg
DRM Drem
DRN Duirinish
DRO Dronfield
DRT Darton
DRU Drumgelloch
DSL Disley
DSM Darsham
DST Duke Street
DSY Daisy Hill
DTG Dinting
DTN Denton
DTR Dunster (Steep)
DTW Droitwich Spa
DUD Duddeston
DUL Dullingham
DUM Dumbreck
DUN Dunbar
DUR Durrington
DUU Duns
DVC Dovercourt
DVH Dove Holes
DVN Davenport
DVP Dover Priory
DVR Daventry (Bus Station)
DVY Dovey Junction
DWD Dolwyddelan
DWL Dawlish
DWN Darwen
DWW Dawlish Warren
DYC Dyce
DYF Dyffryn Ardudwy
DYP Drayton Park
DZY Danzey
EAD Earlsfield
EAG Eaglescliffe
EAL Ealing Broadway
EAR Earley
EAS Earlston (Borders)
EBK Eastbrook
EBL East Boldon
EBN Eastbourne
EBR Edenbridge
EBS Edinburgh Bus Station
EBT Edenbridge Town
ECC Eccles
ECL Eccleston Park
ECR East Croydon
ECS Eccles Road
ECW East Cowes
EDB Edinburgh Waverley
EDG Edge Hill
EDL Edale
EDN Eden Park
EDR Edmonton Green / Lower Edmonton
EDW East Dulwich
EDY East Didsbury
EFF Effingham Junction
EFL East Farleigh
EGF East Garforth
EGG Eggesford
EGH Egham
EGN Eastrington
EGR East Grinstead
EGT Egton
EKL East Kilbride
ELD Earlswood (Surrey)
ELE Elmers End
ELG Elgin
ELO Elton & Orston
ELP Ellesmere Port
ELR Elsecar
ELS Elstree & Borehamwood
ELW Eltham
ELY Ely (Cambs)
EML East Malling
EMP Emerson Park
EMS Emsworth
ENC Enfield Chase
ENF Enfield Town
ENL Enfield Lock
ENT Entwistle
EPD Epsom Downs
EPH Elephant & Castle
EPS Epsom
ERA Eastham Rake
ERD Erdington
ERH Erith
ERI Eridge
ERL Earlestown
ESD Elmstead Woods
ESH Esher
ESL Eastleigh
ESM Elsenham
EST Easterhouse
ESW Elmswell
ETC Etchingham
ETL East Tilbury
ETP East Putney
ETR Etruria
EUS London Euston
EVE Evesham
EWD Earlswood (West Midlands)
EWE Ewell East
EWR East Worthing
EWW Ewell West
EXC Exeter Central
EXD Exeter St. David's
EXG Exhibition Centre Glasgow
EXM Exmouth
EXN Exton
EXR Essex Road
EXT Exeter St Thomas
EYN Eynsford
FAL Falmouth Docks
FAM Fambridge
FAV Faversham
FAZ Fazakerley
FBY Formby
FCN Falconwood
FEA Featherstone
FED Ferndale (by bus)
FEL Feltham
FEN Fenny Stratford
FER Fernhill
FFA Ffairfach
FFD Freshford
FGH Fishguard Harbour / Abergwaun
FGT Faygate
FIL Filey
FIN Finstock
FIT Filton Abbey Wood
FKC Folkestone Central
FKG Falkirk Grahamston
FKH Folkestone Harbour
FKK Falkirk High
FKW Folkestone West
FLD Fauldhouse
FLE Fleet
FLF Flowery Field
FLI Flixton
FLM Flimby
FLN Flint
FLS Failsworth
FLT Flitwick
FLW Fulwell
FLX Felixstowe
FML Frimley
FMR Falmer
FMT Falmouth Town (The Dell)
FNB Farnborough Main
FNC Farncombe
FNH Farnham
FNN Farnborough North
FNR Farningham Road
FNT Feniton
FNV Furness Vale
FNW Farnworth
FNY Finchley Road (London)
FOC Falls of Cruachan
FOD Ford
FOG Forest Gate
FOH Forest Hill
FOK Four Oaks
FOR Forres
FOX Foxfield
FPK Finsbury Park (London)
FRB Fairbourne
FRD Frodsham
FRE Freshfield
FRF Fairfield
FRI Frinton-on-Sea
FRL Fairlie
FRM Fareham
FRN Fearn
FRO Frome
FRS Forsinard
FRT Frant
FRW Fairwater
FRY Ferriby
FSB Fishbourne
FSG Fishersgate
FSK Fiskerton
FST London Fenchurch Street
FTM Fort Matilda
FTN Fratton (Portsmouth FC)
FTW Fort William
FWY Five Ways
FXN Foxton
FYS Ferryside
FZH Frizinghall
FZP Furze Platt
FZW Fitzwilliam
GAL Galashiels
GAR Garrowhill
GBD Gilberdyke
GBK Greenbank
GBL Gainsborough Lea Rd
GBS Goring By Sea
GCH Garelochhead
GCR Gloucester
GCT Great Coates
GCW Glan Conwy
GDH Gordon Hill
GDL Godley
GDN Godstone
GDP Gidea Park
GEA Gretna Green
GER Gerrards Cross
GFD Greenford
GFF Gilfach Fargoed
GFN Giffnock
GGJ Georgemas Junction
GGV Gargrave
GIG Giggleswick
GIL Gillingham (Dorset)
GIP Gipsy Hill
GIR Girvan
GKC Greenock Central
GKW Greenock West
GLC Glasgow Central
GLD Guildford
GLE Gleneagles
GLF Glenfinnan
GLG Glengarnock
GLM Gillingham (Kent)
GLO Glossop
GLQ Glasgow Queen St
GLS Glaisdale
GLT Glenrothes & Thornton (Fife)
GLY Glynde
GLZ Glazebrook
GMB Grimsby Town
GMD Grimsby Docks
GMG Garth (Mid-Glamorgan)
GMN Great Missenden
GMT Grosmont
GMV Great Malvern
GMY Goodmayes
GNB Gainsborough Central
GNF Greenfield
GNH Greenhithe
GNL Green Lane
GNR Green Road
GNT Gunton
GNW Greenwich
GOB Gobowen
GOD Godalming
GOE Goldthorpe
GOF Golf Street
GOL Golspie
GOM Gomshall & Shere
GOO Goole
GOR Goring & Streatley
GOS Grange-over-Sands
GOX Goxhill
GPK Grange Park
GPO Gospel Oak
GRA Grantham
GRB Great Bentley
GRC Great Chesterford
GRF Garforth
GRK Gourock
GRL Greenfaulds
GRM Garston (Merseyside)
GRN Grindleford
GRO Groombridge
GRP Grove Park
GRS Garscadden
GRT Grateley
GRV Gravesend
GRY Grays
GSD Garsdale
GSL Gunnislake
GSN Garston (Herts)
GSP Grantown-on-Spey (by bus)
GST Gathurst
GSW Garswood
GSY Guiseley
GTA Great Ayton
GTH Garth
GTI Smethwick Galton Bridge
GTN Grangetown (South Glamorgan)
GTO Gorton
GTR Goostrey
GTW Gatwick Airport
GTY Gatley
GUI Guide Bridge
GUN Gunnersbury
GUS St Peter Port (Guernsey)
GVE Garve
GVH Gravelly Hill
GWE Gwersyllt
GWN Gowerton
GYM Great Yarmouth (Norfolk)
GYP Gypsy Lane
HAB Habrough
HAC Hackney Downs
HAD Haddiscoe
HAG Hagley
HAI Halling
HAL Hale
HAM Hamworthy
HAN Hanwell
HAP Hatfield Peverel
HAS Halesworth
HAT Hatfield (Herts)
HAV Havant & Waterlooville
HAY Hayes & Harlington (Middlesex)
HAZ Hazel Grove
HBB Hubberts Bridge
HBD Hebden Bridge
HBN Hollingbourne
HBP Hornbeam Park
HBY Hartlebury
HCB Hackbridge
HCH Holmes Chapel
HCN Headcorn
HCT Huncoat
HDB Haydon Bridge
HDE Hedge End
HDF Hadfield
HDG Heald Green
HDH Hampstead Heath
HDL Headstone Lane
HDM Haddenham & Thame Parkway
HDN Harlesden
HDW Hadley Wood
HDY Headingley
HEC Heckington
HED Halewood
HEI Heighington
HEL Hensall
HEN Hendon
HER Hersham
HES Hessle
HEV Hever
HEW Heworth
HEX Hexham
HFD Hereford
HFE Hertford East
HFN Hertford North
HFS Hatfield & Stainforth
HFX Halifax
HGD Hungerford
HGF Hag Fold
HGM Higham
HGN Hough Green
HGR Hither Green
HGS Hastings
HGT Harrogate
HGY Harringay
HHB Heysham Port
HHD Holyhead / Caergybi
HHE Haywards Heath
HHL Heath High Level
HHY Highbury & Islington
HIA Hampton in Arden
HIB High Brooms
HID Hall i' th' Wood
HIG Highbridge & Burnham-on-Sea
HIL Hillside
HIN Hindley
HIP Highams Park
HIR Horton in Ribblesdale
HIT Hitchin
HKC Hackney Central
HKH Hawkhead
HKM Hykeham
HKN Hucknall
HKW Hackney Wick
HLB Hildenborough
HLC Helensburgh Central
HLD Hellifield
HLE Hillington East
HLF Hillfoot
HLG Hall Green
HLI Healing
HLL Heath Low Level
HLM Holmwood
HLN Harlington Beds
HLR Hall Road
HLS Hilsea
HLU Helensburgh Upper
HLW Hillington West
HLY Holytown
HMC Hampton Court
HMD Hampden Pk Ssex
HME Hamble
HML Hemel Hempstead
HMM Hammerton
HMN Homerton
HMP Hampton (London)
HMS Helmsdale
HMT Ham Street
HMW Hampton Wick
HMY Hairmyres
HNA Hinton Admiral
HNB Herne Bay
HNC Hamilton Central
HND Hanborough 
HNF Hednesford
HNG Hengoed
HNH Herne Hill
HNK Hinckley (Leics)
HNL Henley-in-Arden
HNT Huntly
HNW Hamilton West
HNX Hunts Cross
HOC Hockley
HOD Hollinwood
HOH Harrow-on-the-Hill
HOK Hook
HOL Holton Heath
HON Honiton
HOO Hooton
HOP Hope (Derbyshire)
HOR Horley
HOT Henley-on-Thames
HOU Hounslow
HOV Hove
HOW Howden
HOY Honley
HPA Honor Oak Park
HPD Harpenden
HPE Hope (Clywd)
HPL West Hartlepool
HPN Hapton
HPQ Harwich International (Parkeston Quay)
HPT Hopton Heath
HRD Harling Road
HRH Horsham
HRL Harlech
HRM Harrietsham
HRN Hornsey
HRO Harold Wood
HRR Harrington
HRS Horsforth
HRW Harrow & Wealdstone
HRY Harringay East / Green Lane / Stadium
HSB Helsby
HSC Hoscar
HSD Hamstead Birmngm
HSG Hathersage
HSK Hassocks
HSL Haslemere
HST High Street Glasgow
HSW Heswall
HSY Horsley
HTC Heaton Chapel
HTE Hatch End
HTF Hartford
HTH Handforth
HTN Hatton
HTO Hightown
HTW Hartwood
HTY Hattersley
HUB Hunmanby
HUD Huddersfield
HUL Hull
HUN Huntingdon
HUP Humphrey Park
HUR Hurst Green
HUT Hutton Cranswick
HUU Hull Bus Station
HUY Huyton
HVF Haverfordwest / Hwlffordd
HVH Hoek Van Holland
HVN Havenhouse
HWA Heathrow Airpt T2
HWB Hawarden Bridge
HWC Harwich Town
HWD Hawarden
HWE Heathrow Airpt T3
HWF Heathrow Airpt T4
HWH Haltwhistle
HWK Hawick
HWM Harlow Mill
HWN Harlow Town
HWO Heathrow Airpt T1
HWR Holsworthy (by bus)
HWU Hirwaun (by bus)
HWW How Wood (Herts)
HWY High Wycombe
HXM Hoveton & Wroxham
HYB Honeybourne
HYC Hyde Central
HYD Heyford
HYH Hythe
HYK Hoylake
HYL Hayle
HYM Haymarket
HYN Hyndland
HYR Haydons Road
HYS Hayes (Kent)
HYT Hyde North
HYW Hinchley Wood
IBM IBM (Greenock)
IFD Ilford
IFI Ifield
IGD Invergordon
ILK Ilkley
ILM Ilminster (Square)
INC Ince Manchr
INE Ince & Elton (Cheshire)
ING Invergowrie
INH Invershin
INK Inverkeithing
INP Inverkip
INR Inverurie
INS Insch
INT Ingatestone
INV Inverness
IPS Ipswich
IRL Irlam
IRV Irvine
ISL Isleworth
ISP Islip
IVR Iver
IVY Ivybridge
JEQ Jewellery Quarter
JHN Johnstone
JOH Johnston (Dyfed)
JOR Jordanhill
JSY St Helier (Jersey)
KBC Kinbrace
KBD Kingsbridge (Quay)
KBF Kirkby in Furness
KBK Kents Bank
KBN Kilburn High Road
KBW Knebworth
KBX Kirby Cross
KCK Knockholt
KCM London Kings Cross (Thameslink)
KDB Kidbrooke
KDG Kidsgrove
KDY Kirkcaldy
KEH Keith
KEI Keighley
KEL Kelvedon
KEM Kemble
KEN Kendal
KES Kelso (by bus)
KET Kettering
KEY Keyham
KGE Kingsknowe
KGH Kinghorn
KGL Kings Langley
KGM Kingham
KGN Kings Nympton
KGP Kings Park
KGS Kings Sutton
KGT Kilgetty
KGX London Kings Cross
KID Kidderminster
KIL Kildonan
KIN Kingussie
KIR Kirkby
KIT Kintbury
KIV Kiveton Bridge
KKB Kirkby-in-Ashfield
KKD Kirkdale (Everton FC)
KKH Kirkhill
KKM Kirkham & Wesham
KKN Kirknewton
KKS Kirk Sandall
KLB Kings Lynn Bus Station
KLD Kildale
KLM Kilmaurs
KLN Kings Lynn
KLY Kenley
KMH Kempston Hardwick
KMK Kilmarnock
KML Kemsley
KMS Kemsing
KNA Knaresborough
KND Kingswood
KNE Kennett
KNF Knutsford
KNG Kingston
KNI Knighton
KNL Kensal Green
KNN Kings Norton
KNO Knottingley
KNR Kensal Rise
KNS Kennishead
KNT Kenton
KNU Knucklas
KPA Kensington Olympia
KPT Kilpatrick
KRK Kirkconnel
KSL Kearsley
KSN Kearsney
KSW Kirkby Stephen West
KTH Kent House
KTL Kirton Lindsey
KTN Kentish Town London
KTW Kentish Town West
KVP Kiveton Park
KWB Kew Bridge
KWD Kirkwood
KWG Kew Gardens
KWK Keswick (Bus Station)
KWL Kidwelly
KWN Kilwinning
KYK Kyleakin (Skye, via Kyle Of Lochalsh)
KYL Kyle of Lochalsh
KYN Keynsham
LAC Lancing
LAD Ladywell
LAI Laindon
LAK Lakenheath
LAM Lamphey
LAN Lancaster
LAP Lapford
LAR Largs
LAS Llansamlet
LAW Landywood
LAY Layton (Lancs)
LBG London Bridge
LBK Long Buckby
LBO Loughborough Leics
LBR Llanbedr
LBT Larbert
LBZ Leighton Buzzard
LCC Lochluichart
LCG Lochgelly
LCK Lockwood
LCL Lochailort
LCN Lincoln Central
LCS Locheilside
LDN Llandanwg
LDS Leeds
LDY Ladybank
LEA Leagrave
LED Ledbury
LEE Lee
LEH Lea Hall
LEI Leicester
LEL Lelant
LEM Leyton Midland Road
LEN Lenham
LEO Leominster
LER Leytonstone High Rd
LES Leigh on Sea
LET Letchworth
LEU Leuchars
LEW Lewisham
LEY Leyland
LFD Lingfield
LGB Langbank
LGD Lingwood
LGE Long Eaton
LGF Longfield
LGG Langley Green
LGJ Loughborough Junction
LGK Longbeck
LGM Langley Mill
LGN Longton
LGO Llangynllo
LGS Langside
LGW Langwathby
LHA Loch Awe
LHD Leatherhead
LHE Loch Eil Outward Bound
LHL Langholm
LHM Lealholm
LHO Langho
LHS Limehouse / Stepney East
LHW Lochwinnoch
LIC Lichfield City
LID Lidlington
LIH Leigh Kent
LIN Linlithgow
LIP Liphook
LIS Liss
LIT Littlehampton
LIV Liverpool Lime Street
LKE Lake (I.O.W)
LLA Llanaber Halt
LLC Llandecwyn
LLD Llandudno
LLE Llanelli
LLF Llanfairfechan
LLG Llangadog
LLH Llangennech
LLI Llandybie
LLJ Llandudno Junction
LLL Llandeilo
LLM Llangammarch
LLN Llandaf
LLO Llandrindod Wells
LLS Llanishen
LLT Llanbister Road
LLV Llandovery
LLW Llwyngwril
LLY Llwynypia
LMH Lambhill
LMS Leamington Spa
LNB Llanbradach
LND Longniddry
LNE London International
LNG Longcross
LNK Lanark
LNR Llanwrda
LNW Llanwrtyd
LNY Langley (Berks)
LNZ Lenzie
LOB Longbridge
LOC Lockerbie
LOF London Fields
LOH Lostock Hall
LON London Rd Guilfd
LOO Looe
LOS Lostwithiel
LOT Lostock Parkway
LOW Lowdham
LPG Llanfairpwll
LPO Lyme Regis (Square)
LPR Long Preston
LPT Longport
LPW Lapworth
LRB London Rd Brghtn
LRG Lairg
LSK Liskeard
LSN Livingston North
LST London Liverpool Street
LSW Leasowe
LSY Lower Sydenham
LTG Lostock Gralam
LTK Little Kimble
LTL Littleborough
LTM Lytham
LTP Littleport
LTR Lampeter (Nat West Bank)
LTS Lelant Saltings
LTT Little Sutton
LTV Lichfield Trent Valley
LUA Luton Airport
LUD Ludlow
LUT Luton
LUX Luxulyan
LVC Liverpool Central
LVG Livingston South
LVJ Liverpool James St
LVM Levenshulme
LVN Littlehaven
LVS Liverpool Landing Stage
LVT Lisvane & Thornhill (Glamorgan)
LWH Lawrence Hill
LWR Llanrwst North
LWS Lewes
LWT Lowestoft
LYC Lympstone Commando
LYD Lydney
LYE Lye West Midland
LYM Lympstone
LYP Lymington Pier
LYT Lymington Town
LZB Lazonby & Kirkoswald
MAC Macclesfield
MAG Maghull
MAI Maidenhead
MAL Malden Manor
MAN Manchester Piccadilly
MAO Martins Heron
MAR Margate & Cliftonville
MAS Manors
MAT Matlock
MAU Mauldeth Road
MAX Maxwell Park
MAY Maybole
MBK Millbrook (Hants)
MBR Middlesbrough
MCB Moulsecoomb
MCE Gateshead Metrocentre
MCH March
MCK Disneyland Paris / Eurodisney / Marne La Vallee
MCM Morecambe
MCN Machynlleth
MCO Manchester Oxford Rd
MCV Manchester Victoria
MDB Maidstone Barracks
MDE Maidstone East
MDG Midgham
MDL Middlewood
MDN Maiden Newton
MDS Morden South
MDW Maidstone West
MDY Maerdy (by bus)
MEC Meols Cop
MEL Meldreth
MEN Menheniot
MEO Meols
MEP Meopham
MER Merthyr Tydfil
MES Melton Suffolk
MEV Merthyr Vale
MEW Maesteg Ewenny Road
MEX Mexborough
MFA Morfa Mawddach
MFD Minffordd
MFF Minffordd
MFH Milford Haven / Aberdaugleddau
MFL Mount Florida
MFT Mansfield Town
MGM Metheringham
MGN Marston Green
MHD Minehead (Parade)
MHM Merstham
MHR Market Harborough
MHS Meadowhall
MIA Manchester Airport
MIC Micheldever
MIH Mills Hill Mancr
MIJ Mitcham Junction
MIK Micklefield
MIL Mill Hill Broadway
MIM Moreton-in-Marsh
MIN Milliken Park
MIR Mirfield
MIS Mistley
MKC Milton Keynes Ctl
MKM Melksham
MKR Market Rasen
MKT Marks Tey
MLB Millbrook (Beds)
MLD Mouldsworth
MLF Milford (Surrey)
MLG Mallaig
MLH Mill Hill Lancs
MLM Millom
MLN Milngavie
MLR Milnrow
MLT Malton
MLW Marlow
MLY Morley
MMO Melton Mowbray
MNC Markinch
MNE Manea
MNG Manningtree
MNN Menston
MNP Manor Park
MNR Manor Road
MOB Mobberley
MOG Moorgate
MON Monifieth
MOO Muir of Ord
MOR Mortimer
MOS Moss Side
MOT Motspur Park
MPK Mosspark
MPL Marple
MPT Morpeth
MRB Manorbier
MRD Morchard Road
MRF Moorfields
MRN Marden
MRP Moorthorpe
MRR Morar
MRS Monks Risborough
MRT Moreton (Merseyside)
MRY Maryport
MSD Moorside
MSH Mossley Hill
MSK Marske
MSL Mossley Manchr
MSN Marsden
MSO Moston
MSR Minster
MSS Moses Gate
MST Maesteg
MSW Mansfield Woodhouse
MTA Mountain Ash
MTB Matlock Bath
MTG Mottingham
MTH Motherwell
MTL Mortlake
MTM Martin Mill
MTN Moreton (Dorset)
MTO Marton
MTP Montpelier
MTS Montrose
MTV Mount Vernon
MUB Musselburgh
MUI Muirend
MVL Malvern Link
MYB London Marylebone
MYH Maryhill
MYL Maryland
MYT Mytholmroyd
MZH Maze Hill
NAN Nantwich
NAR Narberth
NAY Newton Aycliffe
NBA New Barnet
NBC New Beckenham
NBN New Brighton
NBR Narborough
NBT Norbiton
NBW North Berwick
NBY Newbury
NCE New Clee
NCK New Cumnock
NCL Newcastle
NCM North Camp
NCT Newark Castle
NDL North Dulwich
NEH New Eltham
NEI Neilston
NEL Nelson
NEM New Malden
NES Neston
NET Netherfield
NEY Newcastle Emlyn (by bus)
NFD Northfield
NFL Northfleet
NFN Nafferton
NGT Newington
NHD Nunhead
NHE New Hythe
NHL New Holland
NHY New Hey
NIT Nitshill
NLN New Lane
NLS Nailsea & Backwell
NLT Northolt Park
NLW Newton Le Willows
NMC New Mills Ctl
NMK Newmarket
NMN New Mills Newtown
NMP Northampton
NMT Needham Market
NNG Newark North Gate
NNP Ninian Park
NNT Nunthorpe
NOA Newton on Ayr
NOR Normanton
NOT Nottingham
NPD New Pudsey
NQC New Quay (Dyfed)
NQU North Queensferry
NQY Newquay
NRB Norbury
NRC Newbury Racecourse
NRD North Road
NRN Nairn
NRT Nethertown
NRW Norwich
NSB Normans Bay
NSD Newstead
NSG New Southgate
NSH North Sheen
NTA Newton Abbot
NTB Norton Bridge
NTC Newton St Cyres
NTH Neath / Castel-Nedd
NTL Netley
NTN Newton Lanark
NTR Northallerton
NUF Nutfield
NUM Northumberland Park
NUN Nuneaton
NUT Nutbourne
NVH Newhaven Harbour
NVM Newhaven Marine
NVN Newhaven Town
NVR Navigation Road
NWA North Walsham
NWB North Wembley
NWD Norwood Junction
NWE Newport (Essex)
NWI Northwich
NWM New Milton
NWN Newton for Hyde
NWP Newport (Gwent) / Casnewydd
NWR Newtonmore
NWT Newtown Powys
NWW North Woolwich
NWX New Cross
NXG New Cross Gate
OBN Oban
OCK Ockendon
OHL Old Hill
OKE Okehampton
OKL Oakleigh Park
OKM Oakham
OKN Oakengates for Telford
OLD Old Street
OLF Oldfield Park
OLM Oldham Mumps
OLT Olton
OLW Oldham Werneth
OLY Ockley & Capel
OMS Ormskirk
OPK Orrell Park
ORE Ore
ORN Old Roan
ORP Orpington
ORR Orrell
OTF Otford
OUN Oulton Broad North
OUS Oulton Broad South
OUT Outwood
OVE Overpool
OVR Overton
OXF Oxford
OXN Oxenholme Lake District
OXS Oxshott
OXT Oxted
PAD London Paddington
PAL Palmers Green
PAN Pangbourne
PAR Par
PAT Patricroft
PBL Parbold
PBN Paris Nord
PBO Peterborough
PBR Potters Bar
PBY Pembrey & Burry Port
PCD Pencoed
PCN Paisley Canal
PDG Padgate
PDT Padstow (Bus Terminus)
PDW Paddock Wood
PEA Peartree
PEB Pevensey Bay
PEG Pegswood
PEM Pemberton
PEN Penarth
PER Penrhiwceiber / Penrikyber
PES Pensarn
PET Petts Wood
PEV Pevensey & Wham
PEW Pewsey
PFL Purfleet
PFM Pontefract Monkhill
PFR Pontefract Baghill
PFT Poole Ferry Terminal
PFY Poulton-le-Fylde
PGM Pengam
PGN Paignton
PHG Penhelig
PHR Penshurst
PIL Pilning
PIN Pinhoe
PIT Pitlochry
PKG Penkridge
PKS Parkstone Dorset
PKT Park Street
PLC Pluckley
PLD Portslade
PLE Pollokshields East
PLG Polegate
PLK Plockton
PLM Plumley
PLN Portlethen
PLS Pleasington
PLT Pontlottyn
PLU Plumstead
PLW Pollokshields West / Strathbungo
PLY Plymouth
PMA Portsmouth Arms
PMB Pembroke / Penfro
PMD Pembroke Dock
PMG Porthmadog Hbr
PMH Portsmouth Harbour / Portsea Landing
PMP Plumpton
PMR Peckham Rye
PMS Portsmouth & Southsea
PMT Polmont
PMW Penmaenmawr
PNA Penally
PNE Penge East
PNF Penyffordd
PNL Pannal
PNM Penmere
PNR Penrith
PNS Penistone
PNW Penge West
PNY Pen-y-Bont
PNZ Penzance
POK Pokesdown
POL Polsloe Bridge
PON Ponders End
POO Poole
POP Poppleton
POR Porth
POT Pontefract Tanshelf
PPD Pontypridd
PPK Possilpark & Parkhouse
PPL Pontypool & New Inn
PRA Prestwick Intl Airpt
PRB Prestbury
PRE Preston Lancs
PRH Penrhyndeudraeth
PRL Prittlewell
PRN Parton
PRP Preston Park
PRR Princes Risborough
PRS Prees
PRT Prestatyn
PRU Prudhoe
PRW Perranwell
PRY Perry Barr
PSC Prescot
PSE Pitsea
PSH Pershore
PSL Port Sunlight
PSN Parson Street
PST Prestonpans
PSW Polesworth
PTA Port Talbot Pwy
PTB Pentre-bach
PTC Portchester
PTD Pontarddulais
PTF Pantyffynnon
PTG Port Glasgow
PTH Perth
PTK Partick
PTL Priesthill & Darnley
PTM Porthmadog
PTR Petersfield
PTT Patterton
PTW Prestwick
PUL Pulborough
PUO Purley Oaks
PUR Purley
PUT Putney
PWE Pollokshaws East
PWL Pwllheli
PWN Penywaun (by bus)
PWW Burrell / Pollokshaws West
PWY Patchway
PYC Pontyclun
PYG Paisley Gilmour Street
PYJ Paisley St James
PYL Pyle
PYN Penryn Cornwall
PYP Pont-y-Pant
PYT Poynton
QBR Queenborough
QPK Glasow Queens Park
QPW London Queens Park
QRB Queenstown Road (Battersea)
QRP Peckham Queens Road
QUI Quintrel Downs
QYD Quakers Yard
RAD Radley
RAI Rainham (Kent)
RAM Ramsgate
RAN Rannoch
RAU Rauceby
RAV Ravenglass
RAY Raynes Park
RBR Robertsbridge
RBS Redcar British Steel Company
RCC Redcar Central
RCD Rochdale
RCE Redcar East
RDA Redland
RDB Redbridge Hants
RDC Redditch
RDD Riddlesdown
RDF Radcliffe (Notts)
RDG Reading
RDH Redhill
RDM Riding Mill
RDN Reddish North
RDR Radyr
RDS Reddish South
RDT Radlett
RDW Reading West
REC Rectory Road
RED Redruth
REE Reedham (Norfolk)
REI Reigate
RET Retford
RFD Rochford
RFY Rock Ferry
RGL Rugeley
RGT Rugeley Town
RGW Ramsgreave & Wilpshire
RHB Robin Hoods Bay (by bus)
RHD Ribblehead
RHG Rhigos (by bus)
RHI Rhiwbina
RHL Rhyl
RHM Reedham (Surrey)
RHO Rhosneigr
RHY Rhymney
RIC Rickmansworth
RID Ridgmont
RIL Rice Lane
RIS Rishton
RKT Ruskington
RLG Rayleigh
RLN Rowlands Castle
RMB Roman Bridge
RMC Rotherham Central
RMD Richmond (Surrey)
RMF Romford
RML Romiley
RNF Rainford
RNH Rainhill
RNM Rainham (Greater London)
RNR Roughton Road
ROB Roby
ROC Roche
ROG Rogart
ROL Rolleston
ROM Romsey
ROO Roose
ROS Rosyth
ROW Rowley Regis
RRB Ryder Brow
RSB Rosslare Harbour (Europort)
RSG Rose Grove
RSH Rose Hill Marple
RTN Renton
RTR Rochester
RUA Ruabon
RUE Runcorn East
RUF Rufford
RUG Rugby
RUN Runcorn
RUS Ruswarp
RUT Rutherglen
RVB Ravensbourne
RVN Ravensthorpe
RWC Rawcliffe
RYB Roy Bridge
RYD Ryde Esplanade
RYE Rye
RYH Rye House
RYN Roydon
RYP Ryde Pier Head
RYR Ryde St Johns Road
RYS Royston (Herts)
SAA St Albans Abbey
SAB Smallbrook
SAC St Albans City
SAD Sandwell and Dudley
SAE Saltaire
SAF Salfords Surrey
SAH Salhouse
SAJ St Johns
SAL Salisbury
SAM Saltmarshe
SAN Sandown
SAR St Andrews Road
SAS St Annes-on-the-Sea
SAT South Acton
SAU St Austell
SAV Stratford-upon-Avon
SAW Sawbridgeworth
SAX Saxmundham
SAY Swanley
SBE Starbeck
SBF St Budeaux Ferry Rd
SBJ Stourbridge Junction
SBK South Bank
SBM South Bermondsey
SBP Stonebridge Park
SBR Spean Bridge
SBS St Bees
SBT Stourbridge Town
SBU Southbury
SBV St Budeaux Victoria Rd
SBY Selby
SCA Scarborough
SCF Stechford
SCG Stone Crossing
SCH Scotstounhill
SCR St Columb Road
SCS Starcross
SCT Scotscalder
SCU Scunthorpe
SCY South Croydon
SDA Snodland
SDB Sandbach
SDD St Davids (Dyfed)(New St)
SDF Saundersfoot
SDG Sandling
SDH Sudbury Hill
SDL Sandhills
SDM Shieldmuir
SDN St Denys
SDP Sandplace
SDR Saunderton
SDT Sidmouth (Triangle)
SDW Sandwich
SDY Sandy
SEA Seaham
SEB Seaburn
SEC Seaton Carew
SED Great Shelford
SEE Southease
SEF Seaford
SEG Selling
SEH Shoreham (Kent)
SEL Sellafield
SEM Seamer
SEN Shenstone
SER St Erth
SES South Elmsall
SET Settle
SEV Sevenoaks
SFC Sinfin Central
SFD Salford
SFF Saffron Walden (Common)
SFL Seaforth & Litherland
SFN Shifnal
SFO Stanford-le-Hope
SFR Shalford
SFW Stratford London
SGL South Gyle
SGM St Germans
SGN South Greenford
SGR Slade Green
SHA Shaw & Crompton
SHC Streethouse
SHD Shildon
SHE Sherborne
SHF Sheffield
SHH Shirehampton
SHI Shiplake
SHJ St Helens Junction
SHL Shawlands
SHM Sheringham
SHN Shanklin
SHO Sholing
SHP Shepperton
SHR Shrewsbury
SHS Shotts
SHT Shotton
SHU Stonehouse
SHV Southsea Hoverport / Clarence Esplanade
SHW Shawford
SHY Shipley
SIC Silecroft
SID Sidcup
SIE Sherburn-in-Elmet
SIH St Helier (London)
SIL Sileby
SIN Singer
SIP Shipton
SIR Sinfin North
SIT Sittingbourne
SIV St Ives (Cornwall)
SJP St James Park (Devon)
SJS St James St Wstw
SKE Skewen
SKG Skegness
SKI Skipton
SKK Selkirk
SKM Stoke Mandeville
SKN St Keyne
SKS Stocksfield
SKW Stoke Newington
SLA Slateford
SLB Saltburn
SLD Salford Crescent 
SLH Sleights
SLK Silkstone Common
SLL Stallingborough
SLO Slough
SLQ St Leonards Warrior Square
SLR Sleaford
SLS Shettleston
SLT Saltcoats
SLV Silver Street
SLW Salwick
SLY Selly Oak
SMA Small Heath
SMB Smithy Bridge
SMD Stamford
SMG St Margarets Ldn
SMH Stamford Hill
SMI Smitham
SMK Stowmarket
SML Sea Mills
SMN Southminster
SMO South Merton
SMP Southampton Royal Pier / Town Quay
SMR Smethwick Rolfe Street
SMT St Margarets Heights
SMY St Mary Cray
SNA Sandal & Agbrigg
SND Sandhurst
SNE Stone (Staffs)
SNF Shenfield
SNG Sunningdale
SNH St Helens Central
SNI Snaith
SNK Sankey for Penketh
SNL Stoneleigh
SNN Swinton
SNO St Neots
SNR Sanderstead
SNS Staines
SNT Stanlow & Thornton (Cheshire)
SNW Swanwick
SNY Sunnymeads
SOA Southampton Parkway / Airport
SOB Southbourne
SOC Southend Central
SOE Southend East
SOG Stonegate
SOH South Hampstead
SOK South Kenton
SOL Solihull
SOM South Milford
SON Steeton & Silsden
SOO Strood
SOP Southport
SOR Sole Street
SOT Stoke on Trent
SOU Southampton
SOV Southend Victoria
SOW Sowerby Bridge
SPA Spalding
SPF Springfield
SPH Shepherds Well
SPI Spital
SPK Sutton Parkway
SPN Spooner Row
SPO Spondon
SPP Shippea Hill
SPR Springburn
SPS Stepps
SPT Stockport
SPU Staplehurst
SPY Shepley
SQH Sanquhar
SQU Squires Gate
SRC Streatham Common
SRD Stapleton Road (Avon)
SRE Stranraer Harbour
SRG Seer Green / Jordans
SRH Streatham Hill
SRI Spring Road
SRL Shirley W Mids
SRN Strines
SRO Shireoaks
SRR Sarn
SRS Selhurst
SRT Shortlands
SRU South Ruislip
SRY Shoeburyness
SSC Seascale
SSD Stansted Airport
SSE Shoreham-by-Sea (Sussex)
SSF Seaton (Devon)
SSM Stocksmoor
SSS Sheerness-on-Sea
SST Stanstd Mfitchet
STA Stafford
STC Strathcarron
STD Stroud (Glos)
STE Streatham
STF Stromeferry
STG Stirling
STH Shepreth
STJ Severn Tunnel Junction
STK Stockton
STL Southall
STM St Michaels
STN Stonehaven
STO South Tottenham
STP London St. Pancras
STR Stranraer
STS Saltash
STT Stewarton
STU Sturry
STV Stevenston
STW Strawberry Hill
SUC Sutton Common
SUD Sudbury & Harrow Road
SUG Sugar Loaf
SUM Summerston
SUN Sunderland
SUO Sutton (Surrey)
SUP Sundridge Park
SUR Surbiton
SUT Sutton Coldfield
SUU Sunbury
SUY Sudbury Suffolk
SVB Severn Beach
SVG Stevenage
SVK Seven Kings
SVL Staveley
SVR Silverdale
SVS Seven Sisters
SVW Silvertown & London City Airport
SWA Swansea / Abertawe
SWB Swaffham Tourist Info Centre
SWD Swinderby
SWE Swineshead
SWF Swansea Docks
SWG Swaythling
SWH Shaftesbury (Town Hall)
SWI Swindon
SWK Southwick (Sussex)
SWL Swale
SWM Swanscombe
SWN Swinton (South Yorks)
SWO Snowdown
SWP Stranraer West Pier
SWR Stewartby
SWS South Wigston
SWT Slaithwaite
SWY Sway
SXY Saxilby
SYA Styal
SYB Stalybridge
SYD Sydenham
SYH Sydenham Hill
SYL Syon Lane
SYS Syston
SYT Somerleyton
TAB Tame Bridge
TAC Tackley
TAD Tadworth
TAF Taffs Well
TAH Tamworth
TAI Tain
TAL Talsarnau
TAP Taplow
TAT Tattenham Corner
TAU Taunton
TAY Taynuilt
TBD Three Bridges
TBR Tilbury Riverside
TBW Tunbridge Wells
TBY Thornaby
TDU Tondu
TEA Tees-side Airport
TED Teddington
TEN Tenby
TEO Theobalds Grove
TEY Teynham
TFC Telford Central
TGM Teignmouth
TGS Ty Glas
THA Thatcham
THB Thornliebank
THC Thurnscoe
THD Thames Ditton
THE Theale
THH Thatto Heath
THI Thirsk
THL Tile Hill
THO Thornford
THS Thurso
THT Thorntonhall
THU Thurgarton
THW The Hawthorns / West Bromwich Albion FC
TIL Tilbury Town
TIP Tipton
TIR Tir Phil
TIS Tisbury
TLB Talybont
TLC Tal-y-Cafn
TLH Tilehurst
TLK The Lakes
TLS Thorpe-le-Soken
TMC Templecombe
TNA Thornton Abbey
TNF Tonfanau
TNN Thorne North
TNP Tonypandy
TNS Thorne South
TOD Todmorden
TOK Three Oaks & Guestling
TOL Tolworth
TOM Tottenham Hale
TON Tonbridge
TOO Tooting
TOP Topsham
TOT Totnes
TPB Thorpe Bay
TPC Thorpe Culvert
TPN Ton Pentre
TQY Torquay & Torbay
TRA Trafford Park
TRB Treherbert
TRD Troed-y-Rhiw
TRE Trefforest Estate
TRF Trefforest
TRH Trehafod
TRI Tring
TRM Trimley
TRN Troon
TRO Trowbridge
TRR Torre
TRS Thurston
TRU Truro
TRY Treorchy
TTF Thetford
TTH Thornton Heath
TTN Totton
TTY Tetbury (Long Street)
TUH Tulse Hill
TUL Tulloch
TUR Turkey Street
TUT Tutbury & Hatton
TVP Tiverton Parkway
TWI Twickenham
TWN Town Green
TWY Twyford
TYB Tan-y-Bwlch
TYC Ty Croes
TYG Tygwyn
TYL Lower Tyndrum
TYN Trecynon (by bus)
TYR Tylorstown (by bus)
TYS Tyseley
TYW Tywyn
UCK Uckfield
UDD Uddingston
UHA Uphall
UHL Upper Holloway
ULC Ulceby
ULL Ulleskelf
ULV Ulverston
UMB Umberleigh
UNI University
UPH Upper Halliford
UPL Upholland
UPM Upminster
UPT Upton (Merseyside)
UPW Upwey & Broadwey (Dorset)
URM Urmston
UTT Uttoxeter
UTY Upper Tyndrum
UWL Upper Warlingham
VAL Valley
VIC London Victoria
VIR Virginia Water
VTN Ventnor
VXH Vauxhall
WAC Warrington Central
WAD Wadhurst
WAE London Waterloo East
WAF Wallyford
WAL Walton on Thames
WAM Walmer
WAN Wanborough
WAO Walton (Merseysde)
WAR Ware
WAS Watton-at-Stone
WAT London Waterloo
WBC Waterbeach
WBD Whitley Bridge
WBE Wadebridge (Bus Station)
WBL Warblington
WBO Wimbledon Chase
WBQ Warrington Bank Quay
WBR Whaley Bridge
WBY West Byfleet
WCB Westcombe Park
WCF Westcliff-on-Sea
WCH Whitchurch (Hants)
WCK Wick
WCL West Calder
WCM Wickham Market / Campsea Ashe
WCP Worcester Park
WCR Whitecraigs
WCT Watchet (by bus)
WCX Wembley Stadium
WCY West Croydon
WDB Woodbridge
WDD Widdrington
WDE Wood End
WDF Woodham Ferrers
WDH Woodhouse
WDL Woodhall
WDM Windermere
WDN Walsden
WDO Waddon
WDS Woodlesford
WDT West Drayton
WDU West Dulwich
WEA West Ealing
WED Wedgwood
WEE Weeley
WEH West Ham
WEL Wellingborough
WEM Wem
WES Westerton
WET Weeton
WEY Weymouth
WFF Whifflet
WFH Watford High Street
WFI Westerfield
WFJ Watford Junction
WFL Wainfleet
WFN Watford North
WFW Watford West
WGA Westgate-on-Sea
WGC Welwyn Garden City
WGN Wigan North Western
WGR Woodgrange Park
WGT Wigton
WGV Wargrave
WGW Wigan Wallgate
WHA Westenhanger
WHC Walthamstow Central
WHD West End Lane / West Hampstead
WHE Whalley Lancs
WHG Westhoughton
WHI Whitstable
WHL White Hart Lane / Tottenham Hotspur FC
WHM Whimple
WHN Whiston
WHP West Hampstd Tlk
WHR West Horndon
WHS Whyteleafe South
WHT Whitchurch (South Glamorgan)
WHY Whyteleafe
WIC Wickford
WID Widnes
WIH Winchmore Hill
WIJ Willesden Junction
WIL Willington
WIM Wimbledon
WIN Winchester
WIS Wisbech Horsefair
WIT London Waterloo International
WIV Wivenhoe
WKB West Kilbride
WKD Walkden
WKF Wakefield Westgate
WKG Workington
WKI West Kirby
WKK Wakefield Kirkgate
WKM Wokingham
WLC Waltham Cross
WLD West St Leonards
WLE Whittlesea
WLF Whittlesford
WLG Wallasey Grove Road
WLI Welling
WLM Williamwood
WLN Wellington  / Telford West
WLO Waterloo (Merseyside)
WLP Welshpool
WLS Woolston
WLT Wallington
WLV Wallasey Village
WLW Welwyn North
WLY Woodley
WMA West Malling
WMB Wembley Central
WMC Wilmcote
WMD Windham / Wymondham
WME Woodmansterne
WMG Welham Green
WMI Wildmill
WML Wilmslow
WMN Warminster
WMP Wimbledon Park
WMR Widney Manor
WMS Wemyss Bay
WMW Walthamstow Queens Road
WNC Windsor & Eton Central
WND Wendover
WNE Wilnecote Staffs
WNF Winchfield
WNG Waun-gron Park
WNH Warnham
WNL Whinhill
WNM Weston Milton
WNN Wennington
WNP Wanstead Park
WNR Windsor & Eton Riverside
WNS Winnersh
WNT Wandsworth Town
WNW West Norwood
WNY White Notley
WOB Woburn Sands
WOF Worcester Foregate Street
WOH Woldingham
WOK Woking
WOL Wolverton
WOM Wombwell
WON Walton-on-Naze
WOO Wool
WOR Worle
WOS Worcester Shrub-Hill
WPL Worplesdon
WRB Wrabness
WRE Wrenbury
WRH Worthing
WRK Worksop
WRL Wetheral
WRM Wareham
WRN West Runton
WRS Wressle
WRT Worstead
WRU West Ruislip
WRW Warwick
WRX Wrexham General
WRY Wraysbury
WSA West Allerton
WSB Westbury (Wilts)
WSE Winchelsea
WSF Winsford
WSH Wishaw
WSL Walsall
WSM Weston-super-Mare
WSR Woodsmoor
WST Wood Street
WSU West Sutton
WSW Wandsworth Common
WTA Wester Hailes
WTB Whitby
WTC Whitchurch (Salop)
WTE Whitlocks End
WTG Watlington / Magdalen Road
WTH Whitehaven
WTI Winnersh Triangle
WTL Whitland
WTM Witham (Essex)
WTN Whitton
WTO Water Orton
WTR Wateringbury
WTS Whatstandwell
WTT Witton / Aston Villa FC
WTW Thetis Wharf / West Cowes
WTY Witley
WVF Wivelsfield
WVH Wolverhampton
WWA Woolwich Arsenal
WWD Woolwich Dockyard
WWI West Wickham
WWO West Worthing
WWR Wandsworth Road
WWW Wootton Wawen
WXC Wrexham Central
WYB Weybridge
WYE Wye
WYL Wylde Green
WYM Wylam
WYT Wythall
XCF Cardiff International Airport
XLB Leeds Bradford Airport
XWK Woking Forecourt
YAE Yate
YAL Yalding
YAT Yatton
YEO Yeoford
YET Yetminster
YMH Yarmouth Slipway
YNW Ynyswen
YOK Yoker
YRD Yardley Wood
YRK York
YRM Yarm
YRT Yorton
YSM Ystrad Mynach
YSR Ystrad Rhondda
YVJ Yeovil Junction
YVP Yeovil Pen Mill
ZBB Barbican
ZBS London Baker Street
ZFD London Farringdon (Thameslink)
ZWA London Waterloo
