ABW Abbey Wood
ABE Aber
AER Aberaeron (Alban Gardens)
ABR Abercynon North
ACY Abercynon South
ABA Aberdare
MFH Aberdaugleddau
ABD Aberdeen
AUR Aberdour
AVY Aberdovey
ABH Abererch
AGV Abergavenny
AGL Abergele & Pensn
FGH Abergwaun
BEO Aberhonddu
BRM Abermo
SWA Abertawe
CAI Aberteifi
AYW Aberystwyth
ABO Aboyne (Main Street)
ACR Accrington
AAT Achanalt
ACN Achnasheen
ACH Achnashellach
ACK Acklington
ACL Acle
ACG Acocks Green
ACB Acton Bridge
ACC Acton Central
AML Acton Main Line
SAT Acton South
ADD Adderley Park
ADW Addiewell
ASN Addlestone
ADM Adisham (Kent)
ADC Adlington (Cheshire)
ADL Adlington Lancs
AWK Adwick
SNA Agbrigg
AIG Aigburth
ANS Ainsdale
AIN Aintree
AIR Airbles
ADR Airdrie
AYP Albany Park
ALB Albrighton
ALD Alderley Edge
AMT Aldermaston
AHT Aldershot
AGT Aldrington
AAP Alexandra Palace
AXP Alexandra Parade
ALX Alexandria
ALF Alfreton
ALF Alfreton & Mansfield Pkway
ALW Allens West
ALE Allerton
ASS Alness
ALM Alnmouth
ALR Alresford Essex
ASG Alsager
ALS Alston (Townhead)
ALN Althorne
ALP Althorpe
ABC Altnabreac
AON Alton
ATW Alton Towers
ALT Altrincham
ALV Alvechurch
AMB Ambergate
AMY Amberley
AMR Amersham LT
AMF Ammanford
ANC Ancaster
AND Anderston
ADV Andover
ANY Anerley
AGR Angel Road
ANG Angmering
ANN Annan
ANL Anniesland
AFV Ansdell & Fairhn
APP Appleby
APD Appledore
APF Appleford
APB Appley Bridge
APS Apsley
ARB Arbroath
ARD Ardgay
AUI Ardlui
ADS Ardrossan Harbour
ASB Ardrossan South Beach
ADN Ardrossan Town
ADK Ardwick
AGS Argyle Street
AGS Argyll Street
ARG Arisaig
ARL Arlesey
AWT Armathwaite
ARN Arnside
ARR Arram
ART Arrochar & Tarbet
ARU Arundel
ACT Ascot (Berks)
AUW Ascott-under-Wychwood
ASH Ash
AHV Ash Vale
ABY Ashburys
ASC Ashchurch
ASF Ashfield
AFK Ashford (Kent)
AFS Ashford (Middx)
ASI Ashford International
ASY Ashley
AHD Ashtead
AHN Ashton under Lyne
AHS Ashurst
ANF Ashurst N Forest
AWM Ashwell & Morden
ASK Askam
ALK Aslockton
ASP Aspatria
APG Aspley Guise
AST Aston
WTT Aston Villa FC
ATH Atherstone Warks
ATN Atherton Manchr
ATT Attadale
ATB Attenborough
ATL Attleborough
AUK Auchinleck
AUD Audley End
AUG Aughton Park
AVM Aviemore
AVF Avoncliff
AVN Avonmouth
AXM Axminster
AYS Aylesbury
AYL Aylesford
AYH Aylesham
AYR Ayr
BAC Bache
NLS Backwell
BAJ Baglan
BAG Bagshot
BLD Baildon
BIO Baillieston
ZBS Baker Street
BAZ Bala (by bus)
BAB Balcombe
BDK Baldock
BAL Balham
BLR Ballater (Bus Depot)
BHC Balloch Central
BSI Balmossie
BMB Bamber Bridge
BAM Bamford
BNV Banavie
BAN Banbury
BNG Bangor (Gwynedd)
BAH Bank Hall
BAD Banstead
BSS Barassie
ZBB Barbican
BLL Bardon Mill
BAR Bare Lane
BGI Bargeddie
BGD Bargoed
BKG Barking
BRT Barlaston
BMG Barming
BRM Barmouth
BNH Barnehurst
BNS Barnes
BNI Barnes Bridge
BTB Barnetby
BAA Barnham
BNL Barnhill
CIR Barnsbury
BNY Barnsley
BNP Barnstaple
BTG Barnt Green
BRR Barrhead
BRL Barrhill
BAV Barrow Haven
BIF Barrow in Furness
BWS Barrow-on-Soar
BRY Barry
BYD Barry Docks
BYI Barry Island
BYL Barry Links
BAU Barton on Humber
BSO Basildon
BSK Basingstoke
BBL Bat & Ball
BTH Bath Spa
BHG Bathgate
BTL Batley
BTT Battersby
BAK Battersea Park
BAT Battle
BLB Battlesbridge
BAY Bayford
BCF Beaconsfield
BER Bearley
BRN Bearsden
BSD Bearsted
BSL Beasdale
BEU Beaulieu Road
BEB Bebington
BCC Beccles
BEC Beckenham Hill
BKJ Beckenham Junction
BDM Bedford
BSJ Bedford St Johns
BDH Bedhampton
BMT Bedminster
BEH Bedworth
BDW Bedwyn
BEE Beeston
BKS Bekesbourne
BFA Belfast Ballast Quay
BFQ Belfast Donegall Quay
BLV Belle Vue
BLG Bellgrove
BGM Bellingham
BLH Bellshill
BLM Belmont
BLP Belper
BEG Beltring
BVD Belvedere
BEM Bempton
BEY Ben Rhydding
BEF Benfleet
BEN Bentham
BTY Bentley (Hants)
BLS Bentley (Yorks)
BAS Bere Alston
BFE Bere Ferrers
BKM Berkhamsted
BKW Berkswell
BYA Berney Arms
BBW Berry Brow
BRS Berrylands
BRK Berwick (Sussex)
BWK Berwick upon Tweed
BES Bescar Lane
BSC Bescot Stadium
BTO Betchworth
BET Bethnal Green
BYC Betws-y-Coed
BEV Beverley
BEX Bexhill
BXY Bexley
BXH Bexleyheath
BHM Bham
BCS Bicester North
BIT Bicester Town
BKL Bickley
BID Bidston
BIW Biggleswade
BBK Bilbrook
BIC Billericay
BIL Billingham on Tees
BIG Billingshurst
BIN Bingham
BIY Bingley
BCG Birchgrove
BCH Birchington on Sea
BWD Birchwood
BIK Birkbeck
BDL Birkdale
BKC Birkenhead Central
BKQ Birkenhead Hamilton Sq
BKN Birkenhead North
BKP Birkenhead Park
BHI Birmingham Airport
BHI Birmingham International
BMO Birmingham Moor St
BHM Birmingham New St
BSW Birmingham Snow Hill
DKD Birnam
BIA Bishop Auckland
BBG Bishopbriggs
BIS Bishops Stortford
BIP Bishopstone
BPT Bishopton
BTE Bitterne
BBN Blackburn
BFR Blackfriars
BKH Blackheath
BHO Blackhorse Road
BPN Blackpool
BPN Blackpool North
BPB Blackpool Pleasure Beach
BPS Blackpool South
BLK Blackrod
BAW Blackwater
BFF Blaenau Ffestiniog
BCW Blaencwm (by bus)
BLZ Blaenrhondda (by bus)
BLA Blair Atholl
BAI Blairhill
BKT Blake Street
BKD Blakedown
BLT Blantyre
BLO Blaydon
BSB Bleasby
BLY Bletchley
BLX Bloxwich
BWN Bloxwich North
BLN Blundellsands
BYB Blythe Bridge
BGR Boat of Garten (Post Off)
BDF Bodmin (TSB Bank)
BOD Bodmin Parkway
BOD Bodmin Road
BOR Bodorgan
BOG Bognor Regis
BGS Bogston
BNR Boldon Colliery
BON Bolton
BTD Bolton on Dearne
BKA Bookham
BOC Bootle (Cumbria)
BNW Bootle New Strand
BOT Bootle Oriel Road
BBS Bordesley
ELS Borehamwood
BRG Borough Green & Wrotham
BRH Borth
BOH Bosham
BSN Boston
BOE Botley
BTF Bottesford
BNE Bourne End
BMH Bournemouth
BRV Bournville
BWB Bow Brickhill
BOP Bowes Park
BWG Bowling
BXW Boxhill & Whmble
BCE Bracknell
XLB Bradford Airport
BDQ Bradford Forster Sq
BDI Bradford Interchange
BOA Bradford on Avon
BDN Brading
BAE Braemar (Auchendryne Sq)
BTR Braintree
BML Bramhall
BMY Bramley (Hants)
BLE Bramley (West Yorks)
BMP Brampton (Cumbria)
BRP Brampton (Suffolk)
BCN Branchton
BND Brandon
BSM Branksome
BYS Braystones Cumbr
BEO Brecon (Square)
BDY Bredbury
BRC Breich
BFD Brentford
BRE Brentwood
BWO Bricket Wood
BEA Bridge of Allan
BRO Bridge of Orchy
BGN Bridgend
BDG Bridgeton
BWT Bridgwater
BDT Bridlington
BPO Bridport (by bus)
BRF Brierfield
BGG Brigg
BTN Brighton
BMD Brimsdown
BNT Brinnington
BPW Bristol Parkway
BRI Bristol Temple Meads
BHD Brithdir
BNF Briton Ferry
BRX Brixton
BGE Broad Green
BDB Broadbottom
BSR Broadstairs
BWY Broadway (Worcs)
UPW Broadwey (Dorset)
BCU Brockenhurst
BHS Brockholes
BCY Brockley
BNR Brockley Whins
BOM Bromborough
BMR Bromborough Rake
BMC Bromley Cross
BMN Bromley North
BMS Bromley South
BMV Bromsgrove
BSY Brondesbury
BSP Brondesbury Park
BPK Brookmans Park
BKO Brookwood
BME Broome
BMF Broomfleet
BRA Brora
BUH Brough
BYF Broughty Ferry
BXB Broxbourne
BCV Bruce Grove
BDA Brundall
BGA Brundall Gardens
BXS Brussels Midi
BRU Bruton
BXS Bruxelles Midi
BYN Bryn
RBS BSC Redcar
BUC Buckenham
BCK Buckley
BUK Bucknell
BUA Bude Strand
BGL Bugle
BHR Builth Road
BLW Bulwell
BUE Bures
BUG Burgess Hill
BUW Burley in Wharfedale
BUY Burley Park
BNA Burnage
BUD Burneside (Cumbria)
BNM Burnham (Bucks)
BUU Burnham on Crouch
HIG Burnham-on-Sea
BUB Burnley Barracks
BNC Burnley Central
BYM Burnley Manchester Road
BUI Burnside (Strathclyde)
BTS Burntisland
PWW Burrell
PBY Burry Port
BCB Burscough Bridge
BCJ Burscough Junction
BUO Bursledon
BUJ Burton Joyce
BUT Burton on Trent
BSE Bury St Edmunds
BUS Busby
BHK Bush Hill Park
BSH Bushey
BUL Butlers Lane
BXD Buxted
BUX Buxton
BFN Byfleet & New H
BYE Bynea
CAD Cadoxton
CSQ Caerau (Square)
CDF Caerdydd
CMN Caerfyrddin
CGW Caergwrle
HHD Caergybi
CPH Caerphilly
CWS Caersws
CDT Caldicot
CIR Caledonian Road
CSK Calstock
CDU Cam & Dursley
CAM Camberley
CBN Camborne
CBG Cambridge
CBH Cambridge Heath (London)
CBL Cambuslang
CMD Camden Road
CMO Camelon
WCM Campsea Ashe
CNL Canley
CNT Canning Town
CAO Cannock
CST Cannon Street
CNN Canonbury
CBE Canterbury East
CBW Canterbury West
CNY Cantley
OLY Capel
CPU Capenhurst
CBB Carbis Bay
CDD Cardenden
CDB Cardiff Bay
CDF Cardiff Central
XCF Cardiff Intl Airpt
CDQ Cardiff Queen St
CAI Cardigan (Finchs Square)
CDO Cardonald
CDR Cardross
CRF Carfin
CAK Cark & Cartmel
CAR Carlisle
CTO Carlton
CLU Carluke
CMN Carmarthen
CML Carmyle
CNF Carnforth
CAN Carnoustie
CAY Carntyne
CPK Carpenders Park
CAG Carrbridge
CSH Carshalton
CSB Carshalton Beeches
CRS Carstairs
CAK Cartmel
CDY Cartsdyke
NWP Casnewydd
NTH Castel-Nedd
CBP Castle Bar Park
CLC Castle Cary
CFD Castleford
CAS Castleton Manchr
CSM Castleton Moor
CAT Caterham
CTF Catford
CFB Catford Bridge
CYS Cathays
CCT Cathcart
CTL Cattal
CAU Causeland
CYB Cefn-y-Bedd
CTH Chadwell Heath
CFH Chafford Hundred
CFO Chalfont & Latimer LT
CHW Chalkwell
CEF Chapel-en-le-Frith
CLN Chapeltown
CPN Chapleton
CWC Chappel & W Coln
CHA Chard (Guildhall)
CHG Charing (Kent)
CHX Charing Cross
CHC Charing Cross Glasgow
CHX Charing X
CBY Charlbury
CTN Charlton
CMT Charmouth (Coach & Horses)
CRT Chartham
CSR Chassen Road
CTM Chatham
CHT Chathill
CHU Cheadle Hulme
CHE Cheam
CED Cheddington
CEL Chelford Ches
CHM Chelmsford
CLD Chelsfield
CNM Cheltenham Spa
CPW Chepstow
CYT Cherry Tree
CHY Chertsey
CHN Cheshunt
CSN Chessington North
CSS Chessington South
CTR Chester
CRD Chester Road
CHD Chesterfield
CLS Chester-le-Street
CSW Chestfield & Swalecliffe
CNO Chetnole
CCH Chichester
CIL Chilham
CHL Chilworth
CHI Chingford
CLY Chinley
CPM Chippenham
CHP Chipstead
CRK Chirk
CIT Chislehurst
CHK Chiswick
CHO Cholsey
CRL Chorley
CLW Chorleywood
CHR Christchurch
CHH Christs Hospital
CTW Church & Oswald
CHF Church Fenton
CTT Church Stretton
CIM Cilmeri
CCR Cirencester
SVW City Airport
CTK City Thameslink
CLT Clacton
CLA Clandon
CLP Clapham (London)
CPY Clapham (North Yorkshire)
CLJ Clapham Junction
CPT Clapton
CLR Clarbeston Road
SHV Clarence Esplanade
CKS Clarkston
CLV Claverdon
CLG Claygate
CLE Cleethorpes
CEA Cleland
CFN Clifton Down
CLI Clifton Manchr
MAR Cliftonville
CLH Clitheroe
CLK Clock House
CUW Clunderwen
CYK Clydebank
CBC Coatbridge Central
CBS Coatbridge Sunnyside
COA Coatdyke
CSD Cobham & Stoke d'Abernon
CSL Codsall
CGN Cogan
COL Colchester
CET Colchester Town
CLM Collingham
CLL Collington
CNE Colne
CWL Colwall
CWB Colwyn Bay
CME Combe (Oxon)
COM Commondale
CNG Congleton
CNS Conisbrough
CON Connel Ferry
CEY Cononley
CNW Conwy
COB Cooden Beach
COO Cookham
CBR Cooksbridge
COE Coombe (Cornwall)
COP Copplestone
CRB Corbridge
COF Cork Ringaskiddy Ferryport
CKH Corkerhill
CKL Corkickle
CPA Corpach
CRR Corrour
COY Coryton
CSY Coseley
COS Cosford
CSA Cosham
CGM Cottingham
COT Cottingley
CDS Coulsdon South
COV Coventry
CWN Cowden
COW Cowdenbeath
WTW Cowes
CRA Cradley Heath
CGD Craigendoran
CRM Cramlington
CRV Craven Arms
CRW Crawley
CRY Crayford
CDI Crediton
CES Cressing
CSG Cressington
CRE Crewe
CKN Crewkerne
CWH Crews Hill
CNR Crianlarich
CCC Criccieth
CRI Cricklewood
CFF Croftfoot
CFT Crofton Park
CMR Cromer
CMF Cromford
SHA Crompton
CKT Crookston
BLN Crosby
CRG Cross Gates
CFL Crossflatts
COI Crosshill
CMY Crossmyloof
CSO Croston
CRH Crouch Hill
COH Crowborough
CWU Crowhurst
CWE Crowle
CRN Crowthorne
CRX Croxley Green
CRO Croy
ECR Croydon
CYP Crystal Palace
CUD Cuddington
CUF Cuffley
CUM Culham
CUA Culrain
CUB Cumbernauld
CUP Cupar
CUH Curriehill
CUS Custom House
CUX Cuxton
CMH Cwmbach
CWM Cwmbran
CYN Cynghordy
DDK Dagenham Dock
DSY Daisy Hill
DAL Dalmally
DAK Dalmarnock
DAM Dalmeny
DMR Dalmuir
DLR Dalreoch
DLY Dalry
DLS Dalston Cumbria
DLK Dalston Kingsland
DLT Dalton Cumbria
DLW Dalwhinnie
DNY Danby
DCT Danescourt
DZY Danzey
DAR Darlington
DAN Darnall
PTL Darnley
DSM Darsham
DFD Dartford
DRT Darton
DWN Darwen
DAT Datchet
DVN Davenport
DVR Daventry (Bus Station)
DWL Dawlish
DWW Dawlish Warren
DEA Deal
DEN Dean (Wilts)
DNN Dean Lane
DGT Deansgate
DPD Deepdene
DGY Deganwy
DHN Deighton
DLM Delamere
DBD Denby Dale
DNM Denham
DGC Denham Golf Club
DMK Denmark Hill
DNT Dent
DTN Denton
DEP Deptford
DBY Derby
DBR Derby Rd Ipswich
DEB Dereham Market Place
DKR Derker
DPT Devonport
DEW Dewsbury
DID Didcot Parkway
DIG Digby & Sowton
DMH Dilton Marsh
DMG Dinas (Mid Glamorgan)
DNS Dinas Powys
DGL Dingle Road
DIN Dingwall
DND Dinsdale
DTG Dinting
DSL Disley
MCK Disneyland Paris
DIS Diss
DOC Dockyard (Devon)
DOD Dodworth
DOL Dolau
DLH Doleham
DLG Dolgarrog
DAU Dolgellau (Eldon Square)
DWD Dolwyddelan
DON Doncaster
DCH Dorchester South
DCW Dorchester West
DOR Dore
DKG Dorking
DPD Dorking Deepdene
DKT Dorking West
DMS Dormans
DDG Dorridge
DGS Douglas (Isle of Man)
DVH Dove Holes
DVP Dover Priory
DVC Dovercourt
DVY Dovey Junction
DOW Downham Market
DRG Drayton Green
DYP Drayton Park
DRM Drem
DRF Driffield
DRI Drigg
DTW Droitwich Spa
DRO Dronfield
DMC Drumchapel
DRU Drumgelloch
DMY Drumry
DFP Dublin Ferryport
DUD Duddeston
SAD Dudley
DDP Dudley Port
DFI Duffield
DRN Duirinish
DST Duke Street
DUL Dullingham
DBC Dumbarton Central
DBE Dumbarton East
DUM Dumbreck
DMF Dumfries
DMP Dumpton Park
DLO Dun Laoghaire
DUN Dunbar
DBC Dunbarton
DBL Dunblane
DBG Dunbridge
DCG Duncraig Halt
DEE Dundee
DFL Dunfermline
DKD Dunkeld
DNL Dunlop
DNO Dunrobin Castle
DUU Duns
DTR Dunster (Steep)
DOT Dunston
DNG Dunton Green
DHM Durham
DUR Durrington
CDU Dursley
DYC Dyce
DYF Dyffryn Ardudwy
EAG Eaglescliffe
EAL Ealing Broadway
ERL Earlestown
EAR Earley
EAD Earlsfield
EAS Earlston (Borders)
ELD Earlswood (Surrey)
EWD Earlswood (West Midlands)
EBL East Boldon
ECW East Cowes
ECR East Croydon
EDY East Didsbury
EDW East Dulwich
EFL East Farleigh
EGF East Garforth
EGR East Grinstead
EKL East Kilbride
EML East Malling
ETP East Putney
ETL East Tilbury
EWR East Worthing
EBN Eastbourne
EBK Eastbrook
EST Easterhouse
ERA Eastham Rake
ESL Eastleigh
EGN Eastrington
ECC Eccles
ECS Eccles Road
ECL Eccleston Park
EDL Edale
EDN Eden Park
EBR Edenbridge
EBT Edenbridge Town
EDG Edge Hill
SPT Edgeley
EDB Edinburgh
EBS Edinburgh Bus Station
EDR Edmonton Green
EFF Effingham Junction
EGG Eggesford
EGH Egham
EGT Egton
EPH Elephant & Castle
ELG Elgin
ELP Ellesmere Port
ELE Elmers End
ESD Elmstead Woods
ESW Elmswell
ELR Elsecar
ESM Elsenham
ELS Elstree & Bhwood
ELW Eltham
ELO Elton & Orston
INE Elton (Cheshire)
ELY Ely (Cambs)
EMP Emerson Park
EMS Emsworth
ENC Enfield Chase
ENL Enfield Lock
ENF Enfield Town
ENT Entwistle
EPS Epsom
EPD Epsom Downs
ERD Erdington
ERI Eridge
ERH Erith
ESH Esher
EXR Essex Road
ETC Etchingham
ETR Etruria
MCK Eurodisney
EUS Euston
KKD Everton FC
EVE Evesham
EWE Ewell East
EWW Ewell West
EXD Exeter
EXC Exeter Central
EXT Exeter St Thomas
EXD Exeter St. David's
EXG Exhibition Centre Glasgow
EXM Exmouth
EXN Exton
EYN Eynsford
FLS Failsworth
FRB Fairbourne
FRF Fairfield
AFV Fairhaven
FRL Fairlie
FRW Fairwater
FCN Falconwood
FKG Falkirk
FKG Falkirk Grahamston
FKK Falkirk High
FOC Falls of Cruachan
FMR Falmer
FAL Falmouth Docks
FMT Falmouth Town
FAM Fambridge
FRM Fareham
FNB Farnborough Main
FNN Farnborough North
FNC Farncombe
FNH Farnham
FNR Farningham Road
FNW Farnworth
ZFD Farringdon (London)
FLD Fauldhouse
FAV Faversham
FGT Faygate
FAZ Fazakerley
FRN Fearn
FEA Featherstone
FLX Felixstowe
FEL Feltham
FST Fenchurch Street
FNT Feniton
FEN Fenny Stratford
FED Ferndale (by bus)
FER Fernhill
FRY Ferriby
FYS Ferryside
FFA Ffairfach
FIL Filey
FIT Filton Abbey Wood
FNY Finchley Road (London)
FPK Finsbury Park (London)
FIN Finstock
FSB Fishbourne
FSG Fishersgate
FGH Fishguard Harbour
FSK Fiskerton
FZW Fitzwilliam
FWY Five Ways
FLE Fleet
FLM Flimby
FLN Flint
FLT Flitwick
FLI Flixton
FLF Flowery Field
FKC Folkestone Central
FKH Folkestone Harbour
FKW Folkestone West
FOD Ford
FOG Forest Gate
FOH Forest Hill
FBY Formby
FOR Forres
FRS Forsinard
FTM Fort Matilda
FTW Fort William
FOK Four Oaks
FOX Foxfield
FXN Foxton
FRT Frant
FTN Fratton
FRE Freshfield
FFD Freshford
FML Frimley
FRI Frinton-on-Sea
FZH Frizinghall
FRD Frodsham
FNY Frognal
FRO Frome
FLW Fulwell
FNV Furness Vale
FZP Furze Platt
GNB Gainsborough Central
GBL Gainsborough Lea Rd
GAL Galashiels
GTI Galton Bridge (Smethwick)
GCH Garelochhead
GRF Garforth
GGV Gargrave
GAR Garrowhill
GRS Garscadden
GSD Garsdale
GSN Garston (Herts)
GRM Garston (Merseyside)
GSW Garswood
GTH Garth
GMG Garth (Mid-Glamorgan)
GVE Garve
MCE Gateshead Metrocentre
GST Gathurst
GTY Gatley
GTW Gatwick Airport
GGJ Georgemas Junction
GER Gerrards Cross
GER Gerrards X
GDP Gidea Park
GFN Giffnock
GIG Giggleswick
GBD Gilberdyke
GFF Gilfach Fargoed
GIL Gillingham (Dorset)
GLM Gillingham (Kent)
GIP Gipsy Hill
GIR Girvan
GLS Glaisdale
GCW Glan Conwy
GLC Glasgow Central
GLQ Glasgow Queen St
GLZ Glazebrook
GLE Gleneagles
GLF Glenfinnan
GLG Glengarnock
GLT Glenrothes
GLO Glossop
GCR Gloucester
GLY Glynde
DGT G-Mex
GOB Gobowen
GOD Godalming
GDL Godley
GDN Godstone
GOE Goldthorpe
GOF Golf Street
GOL Golspie
GOM Gomshall
GMY Goodmayes
GOO Goole
GTR Goostrey
GDH Gordon Hill
GOR Goring & Strtley
GBS Goring By Sea
GTO Gorton
GPO Gospel Oak
GRK Gourock
GWN Gowerton
GOX Goxhill
GPK Grange Park
GOS Grange-over-Sands
GTN Grangetown (South Glamorgan)
GRA Grantham
GSP Grantown-on-Spey (by bus)
GRT Grateley
GVH Gravelly Hill
GRV Gravesend
GRY Grays
GTA Great Ayton
GRB Great Bentley
GRC Great Chesterford
GCT Great Coates
GMV Great Malvern
GMN Great Missenden
SED Great Shelford
GYM Great Yarmouth
GNL Green Lane
GNR Green Road
GBK Greenbank
GRL Greenfaulds
GNF Greenfield
GFD Greenford
GNH Greenhithe
GKC Greenock Central
GKW Greenock West
GNW Greenwich
GEA Gretna Green
GMD Grimsby Docks
GMB Grimsby Town
GRN Grindleford
GRO Groombridge
GMT Grosmont
GRP Grove Park
GUS Guernsey
TOK Guestling
GUI Guide Bridge
GLD Guildford
GSY Guiseley
GUN Gunnersbury
GSL Gunnislake
GNT Gunton
GWE Gwersyllt
GYP Gypsy Lane
HAB Habrough
HCB Hackbridge
HKC Hackney Central
HAC Hackney Downs
HKW Hackney Wick
HDM Haddenham & Thame Parkway
HAD Haddiscoe
HDF Hadfield
HDW Hadley Wood
HGF Hag Fold
HAG Hagley
HMY Hairmyres
HAL Hale
HAS Halesworth
HED Halewood
HFX Halifax
HLG Hall Green
HID Hall i' th' Wood
HLR Hall Road
HAI Halling
HWH Haltwhistle
HMT Ham Street
HME Hamble
HNC Hamilton Central
BKQ Hamilton Square (Birkenhd)
HNW Hamilton West
HMM Hammerton
HMD Hampden Pk Ssex
HDH Hampstead Heath
HMP Hampton (London)
HMC Hampton Court
HIA Hampton in Arden
HMW Hampton Wick
HSD Hamstead Birmngm
HAM Hamworthy
HND Hanborough
HND Handborough
HTH Handforth
HAN Hanwell
HPN Hapton
HRL Harlech
HDN Harlesden
HRD Harling Road
HAY Harlington (Middx)
HLN Harlington Beds
HWM Harlow Mill
HWN Harlow Town
HRO Harold Wood
HPD Harpenden
HRM Harrietsham
HGY Harringay
HRY Harringay East
HRY Harringay Grn La
HRY Harringay Stadium
HRR Harrington
HGT Harrogate
HRW Harrow & Wealdstone
SUD Harrow Road
HOH Harrow-on-the-Hill
HTF Hartford
HBY Hartlebury
HPL Hartlepool
HTW Hartwood
HPQ Harwich International
HPQ Harwich Parkeston Quay
HWC Harwich Town
HSL Haslemere
HSK Hassocks
HGS Hastings
HTE Hatch End
HFS Hatfield & Stainforth
HAT Hatfield (Herts)
HAP Hatfield Peverel
HSG Hathersage
HTY Hattersley
HTN Hatton
TUT Hatton (Derbyshire)
HAV Havant
HVN Havenhouse
HVF Haverfordwest
HWD Hawarden
HWB Hawarden Bridge
HWK Hawick
HKH Hawkhead
THW Hawthorns
HDB Haydon Bridge
HYR Haydons Road
HAY Hayes & Harlngtn
HYS Hayes (Kent)
HYL Hayle
HYM Haymarket
HHE Haywards Heath
HAZ Hazel Grove
HCN Headcorn
HDY Headingley
HDL Headstone Lane
HDG Heald Green
HLI Healing
HHL Heath High Level
HLL Heath Low Level
HWO Heathrow Airpt T1
HWA Heathrow Airpt T2
HWE Heathrow Airpt T3
HWF Heathrow Airpt T4
HTC Heaton Chapel
HBD Hebden Bridge
HEC Heckington
HDE Hedge End
HNF Hednesford
HEI Heighington
HLC Helensburgh Central
HLU Helensburgh Upper
HLD Hellifield
HMS Helmsdale
HSB Helsby
HML Hemel Hempstead
HEN Hendon
HNG Hengoed
HNL Henley-in-Arden
HOT Henley-on-Thames
HEL Hensall
HFD Hereford
HNB Herne Bay
HNH Herne Hill
HER Hersham
HFE Hertford East
HFN Hertford North
HES Hessle
HSW Heswall
HEV Hever
HEW Heworth
HEX Hexham
HYD Heyford
HHB Heysham Port
HIB High Brooms
HST High Street Glasgow
HWY High Wycombe
HGM Higham
HIP Highams Park
HIG Highbridge
HHY Highbury & Islington
HTO Hightown
HLB Hildenborough
HLF Hillfoot
HLE Hillington East
HLW Hillington West
HIL Hillside
HLS Hilsea
HYW Hinchley Wood
HNK Hinckley (Leics)
HIN Hindley
HNA Hinton Admiral
HWU Hirwaun (by bus)
HIT Hitchin
HGR Hither Green
HOC Hockley
BXB Hoddesdon
HVH Hoek Van Holland
HBN Hollingbourne
HOD Hollinwood
HCH Holmes Chapel
HLM Holmwood
HWR Holsworthy (by bus)
HOL Holton Heath
HHD Holyhead
HLY Holytown
HMN Homerton
HYB Honeybourne
HON Honiton
HOY Honley
HPA Honor Oak Park
HOK Hook
HOO Hooton
HPE Hope (Clywd)
HOP Hope (Derbyshire)
HPT Hopton Heath
HOR Horley
HBP Hornbeam Park
HRN Hornsey
HRS Horsforth
HRH Horsham
HSY Horsley
HIR Horton in Ribblesdale
HSC Hoscar
HGN Hough Green
HOU Hounslow
HOV Hove
HXM Hoveton & Wroxhm
HWW How Wood (Herts)
HOW Howden
HYK Hoylake
HBB Hubberts Bridge
HKN Hucknall
HUD Huddersfield
HUL Hull
HUU Hull Bus Station
HUP Humphrey Park
HCT Huncoat
HGD Hungerford
HUB Hunmanby
HUN Huntingdon
HNT Huntly
HNX Hunts Cross
HNX Hunts X
HUR Hurst Green
HUT Hutton Cranswick
HUY Huyton
HVF Hwlffordd
HYC Hyde Central
HYT Hyde North
HKM Hykeham
HYN Hyndland
HYH Hythe
IBM IBM (Greenock)
IFI Ifield
IFD Ilford
ILK Ilkley
ILM Ilminster (Square)
INE Ince & Elton
INC Ince Manchr
INT Ingatestone
INS Insch
IGD Invergordon
ING Invergowrie
INK Inverkeithing
INP Inverkip
INV Inverness
INH Invershin
INR Inverurie
IPS Ipswich
IRL Irlam
IRV Irvine
DGS Isle of Man
ISL Isleworth
HHY Islington
ISP Islip
IVR Iver
IVY Ivybridge
JSY Jersey
JEQ Jewellery Quarter
JOH Johnston (Dyfed)
JHN Johnstone
JOR Jordanhill
SRG Jordans
KSL Kearsley
KSN Kearsney
KEI Keighley
KEH Keith
KEI Keithly
KES Kelso (by bus)
KEL Kelvedon
KEM Kemble
KMH Kempston Hardwick
KMS Kemsing
KML Kemsley
KEN Kendal
KLY Kenley
KNE Kennett
KNS Kennishead
KNL Kensal Green
KNR Kensal Rise
KPA Kensington Olympia
KTH Kent House
KTN Kentish Town London
KTW Kentish Town West
KNT Kenton
SOK Kenton (South)
KBK Kents Bank
KWK Keswick (Bus Station)
KET Kettering
KWB Kew Bridge
KWG Kew Gardens
KEY Keyham
KYN Keynsham
KDB Kidbrooke
KID Kidderminster
KDG Kidsgrove
KWL Kidwelly
KBN Kilburn High Road
KLD Kildale
KIL Kildonan
KGT Kilgetty
KMK Kilmarnock
KLM Kilmaurs
KPT Kilpatrick
KWN Kilwinning
KBC Kinbrace
KGM Kingham
KGH Kinghorn
KGX Kings Cross
KCM Kings Cross Thameslink
KGL Kings Langley
KLN Kings Lynn
KLB Kings Lynn Bus Station
KNN Kings Norton
KGN Kings Nympton
KGP Kings Park
KGS Kings Sutton
KGX Kings X
KCM Kings X Thameslink
KBD Kingsbridge (Quay)
KGE Kingsknowe
KNG Kingston
KND Kingswood
KIN Kingussie
KIT Kintbury
KBX Kirby Cross
KKS Kirk Sandall
KIR Kirkby
KBF Kirkby in Furness
KSW Kirkby Stephen West
KKB Kirkby-in-Ashfield
KDY Kirkcaldy
KRK Kirkconnel
KKD Kirkdale
KKM Kirkham & Wesham
KKH Kirkhill
KKN Kirknewton
LZB Kirkoswald
KWD Kirkwood
KTL Kirton Lindsey
KIV Kiveton Bridge
KVP Kiveton Park
KNA Knaresborough
KBW Knebworth
KNI Knighton
KCK Knockholt
KNO Knottingley
DDG Knowle
KNU Knucklas
KNF Knutsford
KYL Kyle of Lochalsh
KYK Kyleakin (Skye)
LDY Ladybank
LAD Ladywell
LAI Laindon
LRG Lairg
LKE Lake (I.O.W)
OXN Lake District
LAK Lakenheath
CFH Lakeside Shopping Centre
LMH Lambhill
LTR Lampeter (Nat West Bank)
LAM Lamphey
LNK Lanark
LAN Lancaster
LAC Lancing
LAW Landywood
LGB Langbank
LHO Langho
LHL Langholm
LNY Langley (Berks)
LGG Langley Green
LGM Langley Mill
LGS Langside
LGW Langwathby
LAP Lapford
LPW Lapworth
LBT Larbert
LAR Largs
CFO Latimer
LWH Lawrence Hill
LAY Layton (Lancs)
LZB Lazonby
LEH Lea Hall
LEA Leagrave
LHM Lealholm
LMS Leamington Spa
LSW Leasowe
LHD Leatherhead
LED Ledbury
LEE Lee
LDS Leeds
XLB Leeds Airport
XLB Leeds Bradford Airport
LEI Leicester
LIH Leigh Kent
LES Leigh on Sea
LBZ Leighton Buzzard
LEL Lelant
LTS Lelant Saltings
LEN Lenham
LNZ Lenzie
LEO Leominster
LET Letchworth
LEU Leuchars
LVM Levenshulme
LWS Lewes
LEW Lewisham
LEY Leyland
LEM Leyton Midland Road
LER Leytonstone High Rd
LIC Lichfield City
LTV Lichfield Trent Valley
LID Lidlington
LHS Limehouse
LCN Lincoln Central
LFD Lingfield
LGD Lingwood
LIN Linlithgow
LIP Liphook
LSK Liskeard
LIS Liss
LVT Lisvane & Tnhill
SFL Litherland
LTK Little Kimble
LTT Little Sutton
LTL Littleborough
LIT Littlehampton
LVN Littlehaven
LTP Littleport
LIV Liverpool
LVC Liverpool Central
LVJ Liverpool James St
LVS Liverpool Landing Stage
LIV Liverpool Lime St
LST Liverpool Street
LSN Livingston North
LVG Livingston South
LLA Llanaber Halt
LBR Llanbedr
LLT Llanbister Road
LNB Llanbradach
LLN Llandaf
LDN Llandanwg
LLC Llandecwyn
LLL Llandeilo
LLV Llandovery
LLO Llandrindod
LLO Llandrindod Wells
LLD Llandudno
LLJ Llandudno Junction
LLI Llandybie
LLE Llanelli
LPG Llanfair PG
LLF Llanfairfechan
LPG Llanfairpwll
LLG Llangadog
LLM Llangammarch
LLH Llangennech
LGO Llangynllo
LLS Llanishen
LWR Llanrwst North
LAS Llansamlet
LNR Llanwrda
LNW Llanwrtyd
LLW Llwyngwril
LLY Llwynypia
LHA Loch Awe
LHE Loch Eil Outward Bound
LCL Lochailort
LCS Locheilside
LCG Lochgelly
LCC Lochluichart
LHW Lochwinnoch
LOC Lockerbie
LCK Lockwood
ZBS London Baker Street
BFR London Blkfriars
LBG London Bridge
CST London Cannon St
CHX London Charing Cross
EUS London Euston
FST London Fenchurch Street
LOF London Fields
LNE London International
KGX London Kings Cross
KCM London Kings X Thameslink
LST London Liverpool Street
MYB London Marylebone
PAD London Paddington
LRB London Rd Brghtn
LON London Rd Guilfd
STP London St. Pancras
VIC London Victoria
WAT London Waterloo
ZWA London Waterloo
WAE London Waterloo East
WIT London Waterloo International
LBK Long Buckby
LGE Long Eaton
LPR Long Preston
LGK Longbeck
LOB Longbridge
LNG Longcross
LGF Longfield
LND Longniddry
LPT Longport
LGN Longton
LOO Looe
LOT Lostock
LTG Lostock Gralam
LOH Lostock Hall
LOT Lostock Parkway
LOS Lostwithiel
LGJ Loughborough Junction
LBO Loughborough Leics
LOW Lowdham
EDR Lower Edmonton
LSY Lower Sydenham
TYL Lower Tyndrum
LWT Lowestoft
LUD Ludlow
LUT Luton
LUA Luton Airport
LUX Luxulyan
LYD Lydney
LYE Lye West Midland
LPO Lyme Regis (Square)
LYP Lymington Pier
LYT Lymington Town
LYM Lympstone
LYC Lympstone Commando
ANF Lyndhurst Road
LTM Lytham
MAC Macclesfield
MCN Machynlleth
MDY Maerdy (by bus)
MST Maesteg
MEW Maesteg Ewenny Road
WTG Magdalen Road
MAG Maghull
MDN Maiden Newton
MAI Maidenhead
MDB Maidstone Barracks
MDE Maidstone East
MDW Maidstone West
MAL Malden Manor
MLG Mallaig
MLT Malton
GMV Malvern
MVL Malvern Link
MIA Manchester Airport
DGT Manchester G-Mex
MCO Manchester Oxford Rd
MAN Manchester Piccadilly
MCV Manchester Victoria
MNE Manea
MNG Manningtree
MNP Manor Park
MNR Manor Road
MRB Manorbier
MAS Manors
MFT Mansfield Town
MSW Mansfield Woodhouse
MCH March
MRN Marden
MAR Margate
MHR Market Harborough
MKR Market Rasen
MNC Markinch
MKT Marks Tey
MLW Marlow
MCK Marne La Vallee
MPL Marple
MSN Marsden
MSK Marske
MGN Marston Green
MTM Martin Mill
MAO Martins Heron
MTO Marton
MYH Maryhill
MYL Maryland
MYB Marylebone
MRY Maryport
MAT Matlock
MTB Matlock Bath
MAU Mauldeth Road
MAX Maxwell Park
MAY Maybole
MZH Maze Hill
MHS Meadowhall
MEL Meldreth
MKM Melksham
MMO Melton Mowbray
MES Melton Suffolk
MEN Menheniot
MNN Menston
MEO Meols
MEC Meols Cop
MEP Meopham
MHM Merstham
MER Merthyr
MER Merthyr Tydfil
MEV Merthyr Vale
MGM Metheringham
MCE Metrocentre
MEX Mexborough
MIC Micheldever
MIK Micklefield
MBR Middlesbrough
MDL Middlewood
MDG Midgham
MLF Milford (Surrey)
MFH Milford Haven
MIL Mill Hill Broadway
MLH Mill Hill Lancs
MLB Millbrook (Beds)
MBK Millbrook (Hants)
MIN Milliken Park
MLM Millom
MIH Mills Hill Mancr
MLN Milngavie
MLR Milnrow
MKC Milton Keynes Ctl
MHD Minehead (Parade)
MFD Minffordd
MFF Minffordd
MSR Minster
MIR Mirfield
MIS Mistley
MIJ Mitcham Junction
MOB Mobberley
MON Monifieth
MRS Monks Risborough
MTP Montpelier
MTS Montrose
MRF Moorfields
MOG Moorgate
MSD Moorside
MRP Moorthorpe
MRR Morar
MRD Morchard Road
MDS Morden South
MCM Morecambe
MTN Moreton (Dorset)
MRT Moreton (Merseyside)
MIM Moreton-in-Marsh
MFA Morfa Mawddach
MLY Morley
MPT Morpeth
MOR Mortimer
MTL Mortlake
MSS Moses Gate
MOS Moss Side
MSH Mossley Hill
MSL Mossley Manchr
MPK Mosspark
MSO Moston
MTH Motherwell
MOT Motspur Park
MTG Mottingham
DBG Mottisfont Dunbridge
MLD Mouldsworth
MCB Moulsecoomb
MFL Mount Florida
MTV Mount Vernon
MTA Mountain Ash
MOO Muir of Ord
MUI Muirend
MUB Musselburgh
MYT Mytholmroyd
NFN Nafferton
NLS Nailsea & Backwell
NRN Nairn
NAN Nantwich
NAR Narberth
NBR Narborough
NVR Navigation Road
NTH Neath
NMT Needham Market
NEI Neilston
NEL Nelson
NES Neston
NET Netherfield
NRT Nethertown
NTL Netley
NBA New Barnet
NBC New Beckenham
NBN New Brighton
NCE New Clee
NWX New Cross
NXG New Cross Gate
NCK New Cumnock
NEH New Eltham
BFN New Haw
NHY New Hey
NHL New Holland
NHE New Hythe
PPL New Inn
NLN New Lane
NEM New Malden
NMC New Mills Ctl
NMN New Mills Newtown
NWM New Milton
NPD New Pudsey
NQC New Quay (Dyfed)
NSG New Southgate
NWX New X
NXG New X Gate
NCT Newark Castle
NNG Newark North Gate
NBY Newbury
NRC Newbury Racecourse
NCL Newcastle
NEY Newcastle Emlyn (by bus)
NVH Newhaven Harbour
NVM Newhaven Marine
NVN Newhaven Town
NGT Newington
NMK Newmarket
NWE Newport (Essex)
NWP Newport (Gwent)
NQY Newquay
NSD Newstead
NTA Newton Abbot
NAY Newton Aycliffe
NWN Newton for Hyde
NTN Newton Lanark
NLW Newton Le Willows
NOA Newton on Ayr
NTC Newton St Cyres
NWR Newtonmore
NWT Newtown Powys
NNP Ninian Park
NIT Nitshill
NBT Norbiton
NRB Norbury
NSB Normans Bay
NOR Normanton
NBW North Berwick
NCM North Camp
NDL North Dulwich
NQU North Queensferry
NRD North Road
NSH North Sheen
NWA North Walsham
NWB North Wembley
NWW North Woolwich
NTR Northallerton
NMP Northampton
NFD Northfield
NFL Northfleet
NLT Northolt Park
NUM Northumberland Park
NWI Northwich
NTB Norton Bridge
NRW Norwich
NWD Norwood Junction
NOT Nottingham
NUN Nuneaton
NHD Nunhead
NNT Nunthorpe
NUT Nutbourne
NUF Nutfield
OKN Oakengates for Telford
OKM Oakham
OKL Oakleigh Park
OBN Oban
OCK Ockendon
OLY Ockley
OKE Okehampton
OHL Old Hill
ORN Old Roan
OLD Old Street
OLF Oldfield Park
OLM Oldham Mumps
OLW Oldham Werneth
OLT Olton
KPA Olympia
ORE Ore
OMS Ormskirk
ORP Orpington
ORR Orrell
OPK Orrell Park
ELO Orston
CTW Oswaldtwistle
OTF Otford
OUN Oulton Broad North
OUS Oulton Broad South
OUT Outwood
OVE Overpool
OVR Overton
OXN Oxenholme Lake D
OXF Oxford
OXS Oxshott
OXT Oxted
PAD Paddington
PDW Paddock Wood
PDG Padgate
PDT Padstow (Bus Terminus)
PGN Paignton
PYG Paisley
PCN Paisley Canal
PYG Paisley Gilmour St
PYJ Paisley St James
PAL Palmers Green
PAN Pangbourne
PNL Pannal
PTF Pantyffynnon
PAR Par
PBL Parbold
PBN Paris Nord
PKT Park Street
HPQ Parkeston Quay
PPK Parkhouse
PKS Parkstone Dorset
PSN Parson Street
PTK Partick
PRN Parton
PWY Patchway
PAT Patricroft
PTT Patterton
PEA Peartree
PMR Peckham Rye
PEG Pegswood
PEM Pemberton
PBY Pembrey & Burry Port
PMB Pembroke
PMD Pembroke Dock
PNA Penally
PEN Penarth
PCD Pencoed
PMB Penfro
PGM Pengam
PNE Penge East
PNW Penge West
PHG Penhelig
PNS Penistone
SNK Penketh
PKG Penkridge
PMW Penmaenmawr
PNM Penmere
PER Penrhiwceiber
PRH Penrhyndeudraeth
PER Penrikyber
PNR Penrith
PYN Penryn Cornwall
PES Pensarn
AGL Pensarn (Clwyd)
PHR Penshurst
PTB Pentre-bach
PNY Pen-y-Bont
BGN Pen-y-Bont ar Ogwr
BPC Penychain
BPC Penychain Butlin
PNF Penyffordd
PWN Penywaun (by bus)
PNZ Penzance
PRW Perranwell
PRY Perry Barr
PSH Pershore
PTH Perth
PBO Peterborough
PTR Petersfield
PET Petts Wood
PEV Pevensey & Wham
PEB Pevensey Bay
PEW Pewsey
PIL Pilning
PIN Pinhoe
PIT Pitlochry
PSE Pitsea
PLS Pleasington
PLK Plockton
PLC Pluckley
PLM Plumley
PMP Plumpton
PLU Plumstead
PLY Plymouth
POK Pokesdown
PLG Polegate
PSW Polesworth
PWE Pollokshaws East
PWW Pollokshaws West
PLE Pollokshields East
PLW Pollokshields West
PMT Polmont
POL Polsloe Bridge
PON Ponders End
PTD Pontarddulais
PFR Pontefract Baghill
PFM Pontefract Monkhill
POT Pontefract Tanshelf
PLT Pontlottyn
PYC Pontyclun
PYP Pont-y-Pant
PPL Pontypool & New Inn
PPD Pontypridd
POO Poole
PFT Poole Ferry Terminal
POP Poppleton
PTG Port Glasgow
PSL Port Sunlight
PTA Port Talbot Pwy
PTC Portchester
POR Porth
PTM Porthmadog
PMG Porthmadog Hbr
PLN Portlethen
PMH Portsea Landing
PLD Portslade
PMS Portsmouth & Southsea
PMA Portsmouth Arms
FTN Portsmouth FC
PMH Portsmouth Harbour
PPK Possilpark & Parkhouse
PBR Potters Bar
PFY Poulton-le-Fylde
PYT Poynton
PRS Prees
PSC Prescot
PRT Prestatyn
PRB Prestbury
PRE Preston Lancs
PRP Preston Park
PST Prestonpans
PTW Prestwick
PRA Prestwick Intl Airpt
PTL Priesthill & Darnley
PRR Princes Risborough
PRL Prittlewell
PRU Prudhoe
PUL Pulborough
PFL Purfleet
PUR Purley
PUO Purley Oaks
PUT Putney
PWL Pwllheli
BPC Pwllheli Holiday Camp
PYL Pyle
QYD Quakers Yard
QBR Queenborough
QPK Queens Park Glas
QPW Queens Park London
QRP Queens Road Peckham
QRB Queenstown Road (Battersea)
QUI Quintrel Downs
RDF Radcliffe (Notts)
RDT Radlett
RAD Radley
RDR Radyr
RNF Rainford
RNM Rainham (Greater London)
RAI Rainham (Kent)
RNH Rainhill
RAM Ramsgate
RGW Ramsgreave & Wilpshire
RAN Rannoch
RAU Rauceby
RAV Ravenglass
RVB Ravensbourne
RVN Ravensthorpe
RWC Rawcliffe
RLG Rayleigh
RAY Raynes Park
RDG Reading
RDW Reading West
REC Rectory Road
RDB Redbridge Hants
RBS Redcar Br Steel
RBS Redcar BSC
RCC Redcar Central
RCE Redcar East
RDN Reddish North
RDS Reddish South
RDC Redditch
RDH Redhill
RDA Redland
RED Redruth
REE Reedham (Norfolk)
RHM Reedham (Surrey)
REI Reigate
RTN Renton
RET Retford
RHG Rhigos (by bus)
RHI Rhiwbina
RHO Rhosneigr
RHL Rhyl
RHY Rhymney
RHD Ribblehead
RIL Rice Lane
RMD Richmond (Surrey)
RIC Rickmansworth
RDD Riddlesdown
RID Ridgmont
RDM Riding Mill
RIS Rishton
RBR Robertsbridge
RHB Robin Hoods Bay (by bus)
ROB Roby
RCD Rochdale
ROC Roche
RTR Rochester
RFD Rochford
RFY Rock Ferry
ROG Rogart
ROL Rolleston
RMB Roman Bridge
RMF Romford
RML Romiley
ROM Romsey
ROO Roose
RSG Rose Grove
RSH Rose Hill Marple
RSB Rosslare Europort
RSB Rosslare Harbour
ROS Rosyth
RMC Rotherham Central
RNR Roughton Road
RLN Rowlands Castle
ROW Rowley Regis
RYB Roy Bridge
SMP Royal Pier
RYN Roydon
RYS Royston (Herts)
DKR Royton
RUA Ruabon
RUF Rufford
RUG Rugby
RGL Rugeley
RGT Rugeley Town
RUN Runcorn
RUE Runcorn East
RKT Ruskington
RUS Ruswarp
RUT Rutherglen
RYD Ryde Esplanade
RYP Ryde Pier Head
RYR Ryde St Johns Road
RRB Ryder Brow
RYE Rye
RYH Rye House
SFF Saffron Walden (Common)
SFD Salford
SLD Salford Crescent
SLD Salford University
SAF Salfords Surrey
SAH Salhouse
SAL Salisbury
SAE Saltaire
STS Saltash
SLB Saltburn
SLT Saltcoats
SAM Saltmarshe
SLW Salwick
SNA Sandal & Agbrigg
SDB Sandbach
SNR Sanderstead
SDL Sandhills
SND Sandhurst
SDG Sandling
SAN Sandown
SDP Sandplace
SAD Sandwell and Dudley
SDW Sandwich
SDY Sandy
SNK Sankey for Penketh
SQH Sanquhar
SRR Sarn
SDF Saundersfoot
SDR Saunderton
SAW Sawbridgeworth
SXY Saxilby
SAX Saxmundham
SCA Scarborough
SCT Scotscalder
SCH Scotstounhill
SCU Scunthorpe
SML Sea Mills
SEB Seaburn
SEF Seaford
SFL Seaforth & Lithd
SEA Seaham
SEM Seamer
SSC Seascale
SSF Seaton (Devon)
SEC Seaton Carew
SRG Seer Green
SBY Selby
SRS Selhurst
SKK Selkirk
SEL Sellafield
SEG Selling
SLY Selly Oak
SET Settle
SVK Seven Kings
SVS Seven Sisters
SEV Sevenoaks
SVB Severn Beach
STJ Severn Tunnel Junction
SWH Shaftesbury (Town Hall)
SFR Shalford
SHN Shanklin
SHA Shaw
SHW Shawford
SHL Shawlands
SSS Sheerness-on-Sea
SHF Sheffield
SED Shelford
SNF Shenfield
SEN Shenstone
SPH Shepherds Well
SPY Shepley
SHP Shepperton
STH Shepreth
SHE Sherborne
SIE Sherburn-in-Elmet
GOM Shere
SHM Sheringham
SLS Shettleston
SDM Shieldmuir
SFN Shifnal
SHD Shildon
SHI Shiplake
SHY Shipley
SPP Shippea Hill
SIP Shipton
SHH Shirehampton
SRO Shireoaks
SRL Shirley W Mids
SRY Shoeburyness
SHO Sholing
SEH Shoreham (Kent)
SSE Shoreham-by-Sea (Sussex)
SRT Shortlands
SHT Shotton
SHS Shotts
SHR Shrewsbury
SID Sidcup
SDT Sidmouth (Triangle)
SIL Sileby
SIC Silecroft
SLK Silkstone Common
SON Silsden
SLV Silver Street
SVR Silverdale
SVW Silvertown & London City Airpt
SFC Sinfin Central
SIR Sinfin North
SIN Singer
SIT Sittingbourne
SKG Skegness
SKE Skewen
SKI Skipton
KYK Skye Via Kyle Of Lochalsh
SGR Slade Green
SWT Slaithwaite
SLA Slateford
SLR Sleaford
SLH Sleights
SLO Slough
SMA Small Heath
SAB Smallbrook
GTI Smethwick Galton Bridge
SMR Smethwick Rolfe St
SMI Smitham
SMB Smithy Bridge
SNI Snaith
SDA Snodland
SWO Snowdown
SOR Sole Street
SOL Solihull
SYT Somerleyton
SAT South Acton
SBK South Bank
ASB South Beach
SBM South Bermondsey
SCY South Croydon
SES South Elmsall
SGN South Greenford
SGL South Gyle
SOH South Hampstead
SOK South Kenton
SMO South Merton
SOM South Milford
SRU South Ruislip
STO South Tottenham
SWS South Wigston
STL Southall
SOU Southampton
SOA Southampton Airport
SOA Southampton Parkway
SMP Southampton Royal Pier
SMP Southampton Town Quay
SOB Southbourne
SBU Southbury
SEE Southease
SOC Southend Central
SOE Southend East
SOV Southend Victoria
SMN Southminster
SOP Southport
SHV Southsea Hoverport
SWK Southwick (Sussex)
SOW Sowerby Bridge
DIG Sowton
SPA Spalding
SBR Spean Bridge
SPI Spital
SPO Spondon
SPN Spooner Row
SRI Spring Road
SPR Springburn
SPF Springfield
SQU Squires Gate
SAC St Albans
SAA St Albans Abbey
SAC St Albans City
SAR St Andrews Road
SAS St Annes-on-the-Sea
SAU St Austell
SBS St Bees
CET St Botolphs
SBF St Budeaux Ferry Rd
SBV St Budeaux Victoria Rd
SCR St Columb Road
SDD St Davids (Dyfed)(New St)
SDN St Denys
SER St Erth
SGM St Germans
SNH St Helens Ctl
SHJ St Helens Junction
JSY St Helier (Jersey)
SIH St Helier (London)
SIV St Ives (Cornwall)
SJP St James Park (Devon)
SJS St James St Wstw
SAJ St Johns
SKN St Keyne
SLQ St Leonards Warrior Square
SMT St Margarets Hts
SMG St Margarets Ldn
SMY St Mary Cray
STM St Michaels
SNO St Neots
STP St Pancras
CTK St Pauls Thameslnk
GUS St Peter Port (Guernsey)
STA Stafford
SNS Staines
HFS Stainforth
SLL Stallingborough
SYB Stalybridge
SMD Stamford
SMH Stamford Hill
SFO Stanford-le-Hope
SNT Stanlow & Thrntn
SST Stanstd Mfitchet
SSD Stansted Airport
SPU Staplehurst
SRD Stapleton Road (Avon)
SBE Starbeck
SCS Starcross
SVL Staveley
SCF Stechford
SON Steeton & Silsden
LHS Stepney East
SPS Stepps
SVG Stevenage
STV Stevenston
SWR Stewartby
STT Stewarton
STG Stirling
SPT Stockport
SKS Stocksfield
SSM Stocksmoor
STK Stockton
CSD Stoke d'Abernon
SKM Stoke Mandeville
SKW Stoke Newington
SOT Stoke on Trent
SNE Stone (Staffs)
SCG Stone Crossing
SBP Stonebridge Park
SOG Stonegate
STN Stonehaven
SHU Stonehouse
SNL Stoneleigh
SBJ Stourbridge Junction
SBT Stourbridge Town
SMK Stowmarket
STR Stranraer
SRE Stranraer Harbour
SWP Stranraer West Pier
SFW Stratford London
SAV Stratford-upon-Avon
PLW Strathbungo
STC Strathcarron
STW Strawberry Hill
STE Streatham
SRC Streatham Common
SRH Streatham Hill
GOR Streatley
SHC Streethouse
SRN Strines
STF Stromeferry
SOO Strood
STD Stroud (Glos)
STU Sturry
SYA Styal
SUD Sudbury & Hrw Rd
SDH Sudbury Hill
SUY Sudbury Suffolk
SUG Sugar Loaf
SUM Summerston
SUU Sunbury
SUN Sunderland
SUP Sundridge Park
SNG Sunningdale
SNY Sunnymeads
SUR Surbiton
SUO Sutton (Surrey)
SUT Sutton Coldfield
SUC Sutton Common
SPK Sutton Parkway
SWB Swaffham Tourist Info Ctr
SWL Swale
CSW Swalecliffe
SAY Swanley
SWM Swanscombe
SWA Swansea
SWF Swansea Docks
SNW Swanwick
SWY Sway
SWG Swaythling
SWD Swinderby
SWI Swindon
SWE Swineshead
SNN Swinton
SWN Swinton (South Yorks)
SYD Sydenham
SYH Sydenham Hill
SYL Syon Lane
SYS Syston
TAC Tackley
TAD Tadworth
TAF Taffs Well
TAI Tain
TAL Talsarnau
TLB Talybont
TLC Tal-y-Cafn
TAB Tame Bridge
TAH Tamworth
TYB Tan-y-Bwlch
TAP Taplow
ART Tarbet (Strathclyde)
TAT Tattenham Corner
TAU Taunton
TAY Taynuilt
TED Teddington
TEA Tees-side Airport
TGM Teignmouth
TFC Telford Central
TMC Templecombe
TEN Tenby
TTY Tetbury (Long Street)
TEY Teynham
THD Thames Ditton
ZFD Thameslink
THA Thatcham
THH Thatto Heath
FMT The Dell
THW The Hawthorns
TLK The Lakes
THE Theale
TEO Theobalds Grove
TTF Thetford
WTW Thetis Wharf
THI Thirsk
TBY Thornaby
TNN Thorne North
TNS Thorne South
THO Thornford
LVT Thornhill (Glamorgan)
THB Thornliebank
SNT Thornton (Cheshire)
GLT Thornton (Fife)
TNA Thornton Abbey
TTH Thornton Heath
THT Thorntonhall
TPB Thorpe Bay
TPC Thorpe Culvert
TLS Thorpe-le-Soken
TBD Three Bridges
TOK Three Oaks
THU Thurgarton
THC Thurnscoe
THS Thurso
TRS Thurston
TBR Tilbury Riverside
TIL Tilbury Town
THL Tile Hill
TLH Tilehurst
TIP Tipton
TIR Tir Phil
TIS Tisbury
TVP Tiverton Parkway
TOD Todmorden
TOL Tolworth
TPN Ton Pentre
TON Tonbridge
TDU Tondu
TNF Tonfanau
TNP Tonypandy
TOO Tooting
TOP Topsham
TQY Torbay
TQY Torquay
TRR Torre
TOT Totnes
TOM Tottenham Hale
WHL Tottenham Hotspur FC
TTN Totton
TWN Town Green
TRA Trafford Park
TYN Trecynon (by bus)
TRF Trefforest
TRE Trefforest Estate
TRH Trehafod
TRB Treherbert
TRY Treorchy
TRM Trimley
TRI Tring
TRD Troed-y-Rhiw
TRN Troon
TRO Trowbridge
TRU Truro
TUL Tulloch
TUH Tulse Hill
TBW Tunbridge Wells
TUR Turkey Street
TUT Tutbury & Hatton
TWI Twickenham
TWY Twyford
TYC Ty Croes
TGS Ty Glas
TYG Tygwyn
TYR Tylorstown (by bus)
TYL Tyndrum Lower
UTY Tyndrum Upper
TYS Tyseley
TYW Tywyn
UCK Uckfield
UDD Uddingston
ULC Ulceby
ULL Ulleskelf
ULV Ulverston
UMB Umberleigh
UNI University
UHA Uphall
UPL Upholland
UPM Upminster
UPH Upper Halliford
UHL Upper Holloway
UTY Upper Tyndrum
UWL Upper Warlingham
UPT Upton Merseyside
UPW Upwey
URM Urmston
UTT Uttoxeter
VAL Valley
VXH Vauxhall
VTN Ventnor
VIC Victoria
VIR Virginia Water
WDO Waddon
WBE Wadebridge (Bus Station)
WAD Wadhurst
WFL Wainfleet
WKK Wakefield Kirkgate
WKF Wakefield Westgate
CWC Wakes Colne
WKD Walkden
WLG Wallasey Grove Road
WLV Wallasey Village
WLT Wallington
WAF Wallyford
WAM Walmer
WSL Walsall
WDN Walsden
WLC Waltham Cross
WHC Walthamstow Central
WMW Walthamstow Queens Road
WAO Walton Merseysde
WAL Walton on Thames
WON Walton-on-Naze
WAN Wanborough
WSW Wandsworth Common
WWR Wandsworth Road
WNT Wandsworth Town
WNP Wanstead Park
WBL Warblington
WAR Ware
WRM Wareham
WGV Wargrave
WMN Warminster
WNH Warnham
WBQ Warrington Bank Quay
WAC Warrington Central
WRW Warwick
WCT Watchet (by bus)
WTO Water Orton
WBC Waterbeach
WTR Wateringbury
WAT Waterloo
WLO Waterloo (Merseyside)
WAE Waterloo East
WIT Waterloo International
HAV Waterlooville
WFJ Watford
WFH Watford High Street
WFJ Watford Junction
WFN Watford North
WFW Watford West
WTG Watlington
WAS Watton-at-Stone
WNG Waun-gron Park
EDB Waverley
HRW Wealdstone
WED Wedgwood
WEE Weeley
WET Weeton
WMG Welham Green
WLI Welling
WEL Wellingborough
WLN Wellington Shropshire
WLN Wellington Telford West
WLP Welshpool
WGC Welwyn
WGC Welwyn Garden City
WLW Welwyn North
WEM Wem
WMB Wembley Central
WCX Wembley Complex
WCX Wembley Stadium
WMS Wemyss Bay
WND Wendover
WNN Wennington
KKM Wesham
WSA West Allerton
THW West Bromwich Albion FC
WBY West Byfleet
WCL West Calder
WTW West Cowes
WCY West Croydon
WDT West Drayton
WDU West Dulwich
WEA West Ealing
WHD West End Lane
WEH West Ham
WHP West Hampstd Tlk
WHD West Hampstead
HPL West Hartlepool
WHR West Horndon
WKB West Kilbride
WKI West Kirby
WMA West Malling
WNW West Norwood
WRU West Ruislip
WRN West Runton
WLD West St Leonards
WSU West Sutton
WWI West Wickham
WWO West Worthing
WSB Westbury (Wilts)
WCF Westcliff-on-Sea
WCB Westcombe Park
WHA Westenhanger
WTA Wester Hailes
WFI Westerfield
WES Westerton
WGA Westgate-on-Sea
WHG Westhoughton
BXW Westhumble
WNM Weston Milton
WSM Weston-super-Mare
WRL Wetheral
WYB Weybridge
WEY Weymouth
WBR Whaley Bridge
WHE Whalley Lancs
WTS Whatstandwell
WFF Whifflet
WHM Whimple
WNL Whinhill
WHN Whiston
WTB Whitby
WCH Whitchurch (Hants)
WTC Whitchurch (Salop)
WHT Whitchurch (South Glamorgan)
WHL White Hart Lane
WNY White Notley
WCR Whitecraigs
WTH Whitehaven
WTL Whitland
WBD Whitley Bridge
WTE Whitlocks End
WHI Whitstable
WLE Whittlesea
WLF Whittlesford
WTN Whitton
WHY Whyteleafe
WHS Whyteleafe South
WCK Wick
WIC Wickford
WCM Wickham Market
WDD Widdrington
WID Widnes
WMR Widney Manor
WGN Wigan North Western
WGW Wigan Wallgate
WGT Wigton
WMI Wildmill
WIJ Willesden Junction
WLM Williamwood
WIL Willington
WMC Wilmcote
WML Wilmslow
WNE Wilnecote Staffs
RGW Wilpshire
WIM Wimbledon
WBO Wimbledon Chase
WMP Wimbledon Park
WSE Winchelsea
WIN Winchester
WNF Winchfield
WIH Winchmore Hill
WDM Windermere
WMD Windham
WNC Windsor & Eton Central
WNR Windsor & Eton Riverside
WNS Winnersh
WTI Winnersh Triangle
WSF Winsford
WIS Wisbech Horsefair
WSH Wishaw
WTM Witham (Essex)
WTY Witley
WTT Witton W Mids
WVF Wivelsfield
WIV Wivenhoe
WOB Woburn Sands
WOK Woking
XWK Woking Forecourt
WKM Wokingham
WOH Woldingham
WVH Wolverhampton
WOL Wolverton
WOM Wombwell
WDE Wood End
WST Wood Street
WDB Woodbridge
WGR Woodgrange Park
WDL Woodhall
WDF Woodham Ferrers
WDH Woodhouse
WDS Woodlesford
WLY Woodley
WME Woodmansterne
WSR Woodsmoor
WOO Wool
WLS Woolston
WWA Woolwich Arsenal
WWD Woolwich Dockyard
WWW Wootton Wawen
WOF Worcester Foregate Street
WCP Worcester Park
WOS Worcester Shrub-Hill
WKG Workington
WRK Worksop
WOR Worle
WPL Worplesdon
WRT Worstead
WRH Worthing
WRB Wrabness
WRY Wraysbury
WRE Wrenbury
WRS Wressle
WRX Wrexham
WXC Wrexham Central
WRX Wrexham General
BRG Wrotham
HXM Wroxham
WYE Wye
WYM Wylam
WYL Wylde Green
WMD Wymondham
WYT Wythall
YAL Yalding
YRD Yardley Wood
YRM Yarm
GYM Yarmouth (Norfolk)
YMH Yarmouth Slipway
YAE Yate
YAT Yatton
YEO Yeoford
YVJ Yeovil Junction
YVP Yeovil Pen Mill
YET Yetminster
AGV Y-Fenni
YNW Ynyswen
YOK Yoker
YRK York
YRT Yorton
YSM Ystrad Mynach
YSR Ystrad Rhondda